18:14:26 **** Incremental Build of configuration Debug for project dht11_test ****
make -j16 all 
arm-none-eabi-gcc "../Core/Src/main.c" -mcpu=cortex-m4 -std=gnu11 -g3 -DDEBUG -DUSE_NUCLEO_64 -DUSE_HAL_DRIVER -DSTM32G491xx -c -I../Core/Inc -I../Drivers/STM32G4xx_HAL_Driver/Inc -I../Drivers/STM32G4xx_HAL_Driver/Inc/Legacy -I../Drivers/BSP/STM32G4xx_Nucleo -I../Drivers/CMSIS/Device/ST/STM32G4xx/Include -I../Drivers/CMSIS/Include -O0 -ffunction-sections -fdata-sections -Wall -fstack-usage -fcyclomatic-complexity -MMD -MP -MF"Core/Src/main.d" -MT"Core/Src/main.o" --specs=nano.specs -mfpu=fpv4-sp-d16 -mfloat-abi=hard -mthumb -o "Core/Src/main.o"
arm-none-eabi-gcc -o "dht11_test.elf" @"objects.list"   -mcpu=cortex-m4 -T"C:\Users\Peter\Desktop\stm32_workspace\dht11_test\STM32G491RETX_FLASH.ld" --specs=nosys.specs -Wl,-Map="dht11_test.map" -Wl,--gc-sections -static --specs=nano.specs -mfpu=fpv4-sp-d16 -mfloat-abi=hard -mthumb -Wl,--start-group -lc -lm -Wl,--end-group
Finished building target: dht11_test.elf
 
arm-none-eabi-size  dht11_test.elf 
arm-none-eabi-objdump -h -S dht11_test.elf  > "dht11_test.list"
   text	   data	    bss	    dec	    hex	filename
  10676	     32	   1744	  12452	   30a4	dht11_test.elf
Finished building: default.size.stdout
 
Finished building: dht11_test.list
 

18:14:27 Build Finished. 0 errors, 0 warnings. (took 857ms)

