18:35:33 **** Build of configuration Debug for project cubemx_blink ****
make -j16 all 
arm-none-eabi-gcc "../Drivers/STM32G4xx_HAL_Driver/Src/stm32g4xx_hal.c" -mcpu=cortex-m4 -std=gnu11 -g3 -DDEBUG -DUSE_NUCLEO_64 -DUSE_HAL_DRIVER -DSTM32G491xx -c -I../Core/Inc -I../Drivers/STM32G4xx_HAL_Driver/Inc -I../Drivers/STM32G4xx_HAL_Driver/Inc/Legacy -I../Drivers/BSP/STM32G4xx_Nucleo -I../Drivers/CMSIS/Device/ST/STM32G4xx/Include -I../Drivers/CMSIS/Include -O0 -ffunction-sections -fdata-sections -Wall -fstack-usage -fcyclomatic-complexity -MMD -MP -MF"Drivers/STM32G4xx_HAL_Driver/Src/stm32g4xx_hal.d" -MT"Drivers/STM32G4xx_HAL_Driver/Src/stm32g4xx_hal.o" --specs=nano.specs -mfpu=fpv4-sp-d16 -mfloat-abi=hard -mthumb -o "Drivers/STM32G4xx_HAL_Driver/Src/stm32g4xx_hal.o"
arm-none-eabi-gcc "../Drivers/STM32G4xx_HAL_Driver/Src/stm32g4xx_hal_cortex.c" -mcpu=cortex-m4 -std=gnu11 -g3 -DDEBUG -DUSE_NUCLEO_64 -DUSE_HAL_DRIVER -DSTM32G491xx -c -I../Core/Inc -I../Drivers/STM32G4xx_HAL_Driver/Inc -I../Drivers/STM32G4xx_HAL_Driver/Inc/Legacy -I../Drivers/BSP/STM32G4xx_Nucleo -I../Drivers/CMSIS/Device/ST/STM32G4xx/Include -I../Drivers/CMSIS/Include -O0 -ffunction-sections -fdata-sections -Wall -fstack-usage -fcyclomatic-complexity -MMD -MP -MF"Drivers/STM32G4xx_HAL_Driver/Src/stm32g4xx_hal_cortex.d" -MT"Drivers/STM32G4xx_HAL_Driver/Src/stm32g4xx_hal_cortex.o" --specs=nano.specs -mfpu=fpv4-sp-d16 -mfloat-abi=hard -mthumb -o "Drivers/STM32G4xx_HAL_Driver/Src/stm32g4xx_hal_cortex.o"
arm-none-eabi-gcc "../Drivers/STM32G4xx_HAL_Driver/Src/stm32g4xx_hal_dma.c" -mcpu=cortex-m4 -std=gnu11 -g3 -DDEBUG -DUSE_NUCLEO_64 -DUSE_HAL_DRIVER -DSTM32G491xx -c -I../Core/Inc -I../Drivers/STM32G4xx_HAL_Driver/Inc -I../Drivers/STM32G4xx_HAL_Driver/Inc/Legacy -I../Drivers/BSP/STM32G4xx_Nucleo -I../Drivers/CMSIS/Device/ST/STM32G4xx/Include -I../Drivers/CMSIS/Include -O0 -ffunction-sections -fdata-sections -Wall -fstack-usage -fcyclomatic-complexity -MMD -MP -MF"Drivers/STM32G4xx_HAL_Driver/Src/stm32g4xx_hal_dma.d" -MT"Drivers/STM32G4xx_HAL_Driver/Src/stm32g4xx_hal_dma.o" --specs=nano.specs -mfpu=fpv4-sp-d16 -mfloat-abi=hard -mthumb -o "Drivers/STM32G4xx_HAL_Driver/Src/stm32g4xx_hal_dma.o"
arm-none-eabi-gcc "../Drivers/STM32G4xx_HAL_Driver/Src/stm32g4xx_hal_dma_ex.c" -mcpu=cortex-m4 -std=gnu11 -g3 -DDEBUG -DUSE_NUCLEO_64 -DUSE_HAL_DRIVER -DSTM32G491xx -c -I../Core/Inc -I../Drivers/STM32G4xx_HAL_Driver/Inc -I../Drivers/STM32G4xx_HAL_Driver/Inc/Legacy -I../Drivers/BSP/STM32G4xx_Nucleo -I../Drivers/CMSIS/Device/ST/STM32G4xx/Include -I../Drivers/CMSIS/Include -O0 -ffunction-sections -fdata-sections -Wall -fstack-usage -fcyclomatic-complexity -MMD -MP -MF"Drivers/STM32G4xx_HAL_Driver/Src/stm32g4xx_hal_dma_ex.d" -MT"Drivers/STM32G4xx_HAL_Driver/Src/stm32g4xx_hal_dma_ex.o" --specs=nano.specs -mfpu=fpv4-sp-d16 -mfloat-abi=hard -mthumb -o "Drivers/STM32G4xx_HAL_Driver/Src/stm32g4xx_hal_dma_ex.o"
arm-none-eabi-gcc "../Drivers/STM32G4xx_HAL_Driver/Src/stm32g4xx_hal_exti.c" -mcpu=cortex-m4 -std=gnu11 -g3 -DDEBUG -DUSE_NUCLEO_64 -DUSE_HAL_DRIVER -DSTM32G491xx -c -I../Core/Inc -I../Drivers/STM32G4xx_HAL_Driver/Inc -I../Drivers/STM32G4xx_HAL_Driver/Inc/Legacy -I../Drivers/BSP/STM32G4xx_Nucleo -I../Drivers/CMSIS/Device/ST/STM32G4xx/Include -I../Drivers/CMSIS/Include -O0 -ffunction-sections -fdata-sections -Wall -fstack-usage -fcyclomatic-complexity -MMD -MP -MF"Drivers/STM32G4xx_HAL_Driver/Src/stm32g4xx_hal_exti.d" -MT"Drivers/STM32G4xx_HAL_Driver/Src/stm32g4xx_hal_exti.o" --specs=nano.specs -mfpu=fpv4-sp-d16 -mfloat-abi=hard -mthumb -o "Drivers/STM32G4xx_HAL_Driver/Src/stm32g4xx_hal_exti.o"
arm-none-eabi-gcc "../Drivers/STM32G4xx_HAL_Driver/Src/stm32g4xx_hal_flash.c" -mcpu=cortex-m4 -std=gnu11 -g3 -DDEBUG -DUSE_NUCLEO_64 -DUSE_HAL_DRIVER -DSTM32G491xx -c -I../Core/Inc -I../Drivers/STM32G4xx_HAL_Driver/Inc -I../Drivers/STM32G4xx_HAL_Driver/Inc/Legacy -I../Drivers/BSP/STM32G4xx_Nucleo -I../Drivers/CMSIS/Device/ST/STM32G4xx/Include -I../Drivers/CMSIS/Include -O0 -ffunction-sections -fdata-sections -Wall -fstack-usage -fcyclomatic-complexity -MMD -MP -MF"Drivers/STM32G4xx_HAL_Driver/Src/stm32g4xx_hal_flash.d" -MT"Drivers/STM32G4xx_HAL_Driver/Src/stm32g4xx_hal_flash.o" --specs=nano.specs -mfpu=fpv4-sp-d16 -mfloat-abi=hard -mthumb -o "Drivers/STM32G4xx_HAL_Driver/Src/stm32g4xx_hal_flash.o"
arm-none-eabi-gcc "../Drivers/STM32G4xx_HAL_Driver/Src/stm32g4xx_hal_flash_ex.c" -mcpu=cortex-m4 -std=gnu11 -g3 -DDEBUG -DUSE_NUCLEO_64 -DUSE_HAL_DRIVER -DSTM32G491xx -c -I../Core/Inc -I../Drivers/STM32G4xx_HAL_Driver/Inc -I../Drivers/STM32G4xx_HAL_Driver/Inc/Legacy -I../Drivers/BSP/STM32G4xx_Nucleo -I../Drivers/CMSIS/Device/ST/STM32G4xx/Include -I../Drivers/CMSIS/Include -O0 -ffunction-sections -fdata-sections -Wall -fstack-usage -fcyclomatic-complexity -MMD -MP -MF"Drivers/STM32G4xx_HAL_Driver/Src/stm32g4xx_hal_flash_ex.d" -MT"Drivers/STM32G4xx_HAL_Driver/Src/stm32g4xx_hal_flash_ex.o" --specs=nano.specs -mfpu=fpv4-sp-d16 -mfloat-abi=hard -mthumb -o "Drivers/STM32G4xx_HAL_Driver/Src/stm32g4xx_hal_flash_ex.o"
arm-none-eabi-gcc "../Drivers/STM32G4xx_HAL_Driver/Src/stm32g4xx_hal_flash_ramfunc.c" -mcpu=cortex-m4 -std=gnu11 -g3 -DDEBUG -DUSE_NUCLEO_64 -DUSE_HAL_DRIVER -DSTM32G491xx -c -I../Core/Inc -I../Drivers/STM32G4xx_HAL_Driver/Inc -I../Drivers/STM32G4xx_HAL_Driver/Inc/Legacy -I../Drivers/BSP/STM32G4xx_Nucleo -I../Drivers/CMSIS/Device/ST/STM32G4xx/Include -I../Drivers/CMSIS/Include -O0 -ffunction-sections -fdata-sections -Wall -fstack-usage -fcyclomatic-complexity -MMD -MP -MF"Drivers/STM32G4xx_HAL_Driver/Src/stm32g4xx_hal_flash_ramfunc.d" -MT"Drivers/STM32G4xx_HAL_Driver/Src/stm32g4xx_hal_flash_ramfunc.o" --specs=nano.specs -mfpu=fpv4-sp-d16 -mfloat-abi=hard -mthumb -o "Drivers/STM32G4xx_HAL_Driver/Src/stm32g4xx_hal_flash_ramfunc.o"
arm-none-eabi-gcc "../Drivers/STM32G4xx_HAL_Driver/Src/stm32g4xx_hal_gpio.c" -mcpu=cortex-m4 -std=gnu11 -g3 -DDEBUG -DUSE_NUCLEO_64 -DUSE_HAL_DRIVER -DSTM32G491xx -c -I../Core/Inc -I../Drivers/STM32G4xx_HAL_Driver/Inc -I../Drivers/STM32G4xx_HAL_Driver/Inc/Legacy -I../Drivers/BSP/STM32G4xx_Nucleo -I../Drivers/CMSIS/Device/ST/STM32G4xx/Include -I../Drivers/CMSIS/Include -O0 -ffunction-sections -fdata-sections -Wall -fstack-usage -fcyclomatic-complexity -MMD -MP -MF"Drivers/STM32G4xx_HAL_Driver/Src/stm32g4xx_hal_gpio.d" -MT"Drivers/STM32G4xx_HAL_Driver/Src/stm32g4xx_hal_gpio.o" --specs=nano.specs -mfpu=fpv4-sp-d16 -mfloat-abi=hard -mthumb -o "Drivers/STM32G4xx_HAL_Driver/Src/stm32g4xx_hal_gpio.o"
arm-none-eabi-gcc "../Drivers/STM32G4xx_HAL_Driver/Src/stm32g4xx_hal_pwr.c" -mcpu=cortex-m4 -std=gnu11 -g3 -DDEBUG -DUSE_NUCLEO_64 -DUSE_HAL_DRIVER -DSTM32G491xx -c -I../Core/Inc -I../Drivers/STM32G4xx_HAL_Driver/Inc -I../Drivers/STM32G4xx_HAL_Driver/Inc/Legacy -I../Drivers/BSP/STM32G4xx_Nucleo -I../Drivers/CMSIS/Device/ST/STM32G4xx/Include -I../Drivers/CMSIS/Include -O0 -ffunction-sections -fdata-sections -Wall -fstack-usage -fcyclomatic-complexity -MMD -MP -MF"Drivers/STM32G4xx_HAL_Driver/Src/stm32g4xx_hal_pwr.d" -MT"Drivers/STM32G4xx_HAL_Driver/Src/stm32g4xx_hal_pwr.o" --specs=nano.specs -mfpu=fpv4-sp-d16 -mfloat-abi=hard -mthumb -o "Drivers/STM32G4xx_HAL_Driver/Src/stm32g4xx_hal_pwr.o"
arm-none-eabi-gcc "../Drivers/STM32G4xx_HAL_Driver/Src/stm32g4xx_hal_pwr_ex.c" -mcpu=cortex-m4 -std=gnu11 -g3 -DDEBUG -DUSE_NUCLEO_64 -DUSE_HAL_DRIVER -DSTM32G491xx -c -I../Core/Inc -I../Drivers/STM32G4xx_HAL_Driver/Inc -I../Drivers/STM32G4xx_HAL_Driver/Inc/Legacy -I../Drivers/BSP/STM32G4xx_Nucleo -I../Drivers/CMSIS/Device/ST/STM32G4xx/Include -I../Drivers/CMSIS/Include -O0 -ffunction-sections -fdata-sections -Wall -fstack-usage -fcyclomatic-complexity -MMD -MP -MF"Drivers/STM32G4xx_HAL_Driver/Src/stm32g4xx_hal_pwr_ex.d" -MT"Drivers/STM32G4xx_HAL_Driver/Src/stm32g4xx_hal_pwr_ex.o" --specs=nano.specs -mfpu=fpv4-sp-d16 -mfloat-abi=hard -mthumb -o "Drivers/STM32G4xx_HAL_Driver/Src/stm32g4xx_hal_pwr_ex.o"
arm-none-eabi-gcc "../Drivers/STM32G4xx_HAL_Driver/Src/stm32g4xx_hal_rcc.c" -mcpu=cortex-m4 -std=gnu11 -g3 -DDEBUG -DUSE_NUCLEO_64 -DUSE_HAL_DRIVER -DSTM32G491xx -c -I../Core/Inc -I../Drivers/STM32G4xx_HAL_Driver/Inc -I../Drivers/STM32G4xx_HAL_Driver/Inc/Legacy -I../Drivers/BSP/STM32G4xx_Nucleo -I../Drivers/CMSIS/Device/ST/STM32G4xx/Include -I../Drivers/CMSIS/Include -O0 -ffunction-sections -fdata-sections -Wall -fstack-usage -fcyclomatic-complexity -MMD -MP -MF"Drivers/STM32G4xx_HAL_Driver/Src/stm32g4xx_hal_rcc.d" -MT"Drivers/STM32G4xx_HAL_Driver/Src/stm32g4xx_hal_rcc.o" --specs=nano.specs -mfpu=fpv4-sp-d16 -mfloat-abi=hard -mthumb -o "Drivers/STM32G4xx_HAL_Driver/Src/stm32g4xx_hal_rcc.o"
arm-none-eabi-gcc "../Drivers/STM32G4xx_HAL_Driver/Src/stm32g4xx_hal_rcc_ex.c" -mcpu=cortex-m4 -std=gnu11 -g3 -DDEBUG -DUSE_NUCLEO_64 -DUSE_HAL_DRIVER -DSTM32G491xx -c -I../Core/Inc -I../Drivers/STM32G4xx_HAL_Driver/Inc -I../Drivers/STM32G4xx_HAL_Driver/Inc/Legacy -I../Drivers/BSP/STM32G4xx_Nucleo -I../Drivers/CMSIS/Device/ST/STM32G4xx/Include -I../Drivers/CMSIS/Include -O0 -ffunction-sections -fdata-sections -Wall -fstack-usage -fcyclomatic-complexity -MMD -MP -MF"Drivers/STM32G4xx_HAL_Driver/Src/stm32g4xx_hal_rcc_ex.d" -MT"Drivers/STM32G4xx_HAL_Driver/Src/stm32g4xx_hal_rcc_ex.o" --specs=nano.specs -mfpu=fpv4-sp-d16 -mfloat-abi=hard -mthumb -o "Drivers/STM32G4xx_HAL_Driver/Src/stm32g4xx_hal_rcc_ex.o"
arm-none-eabi-gcc "../Drivers/STM32G4xx_HAL_Driver/Src/stm32g4xx_hal_uart.c" -mcpu=cortex-m4 -std=gnu11 -g3 -DDEBUG -DUSE_NUCLEO_64 -DUSE_HAL_DRIVER -DSTM32G491xx -c -I../Core/Inc -I../Drivers/STM32G4xx_HAL_Driver/Inc -I../Drivers/STM32G4xx_HAL_Driver/Inc/Legacy -I../Drivers/BSP/STM32G4xx_Nucleo -I../Drivers/CMSIS/Device/ST/STM32G4xx/Include -I../Drivers/CMSIS/Include -O0 -ffunction-sections -fdata-sections -Wall -fstack-usage -fcyclomatic-complexity -MMD -MP -MF"Drivers/STM32G4xx_HAL_Driver/Src/stm32g4xx_hal_uart.d" -MT"Drivers/STM32G4xx_HAL_Driver/Src/stm32g4xx_hal_uart.o" --specs=nano.specs -mfpu=fpv4-sp-d16 -mfloat-abi=hard -mthumb -o "Drivers/STM32G4xx_HAL_Driver/Src/stm32g4xx_hal_uart.o"
arm-none-eabi-gcc "../Drivers/STM32G4xx_HAL_Driver/Src/stm32g4xx_hal_uart_ex.c" -mcpu=cortex-m4 -std=gnu11 -g3 -DDEBUG -DUSE_NUCLEO_64 -DUSE_HAL_DRIVER -DSTM32G491xx -c -I../Core/Inc -I../Drivers/STM32G4xx_HAL_Driver/Inc -I../Drivers/STM32G4xx_HAL_Driver/Inc/Legacy -I../Drivers/BSP/STM32G4xx_Nucleo -I../Drivers/CMSIS/Device/ST/STM32G4xx/Include -I../Drivers/CMSIS/Include -O0 -ffunction-sections -fdata-sections -Wall -fstack-usage -fcyclomatic-complexity -MMD -MP -MF"Drivers/STM32G4xx_HAL_Driver/Src/stm32g4xx_hal_uart_ex.d" -MT"Drivers/STM32G4xx_HAL_Driver/Src/stm32g4xx_hal_uart_ex.o" --specs=nano.specs -mfpu=fpv4-sp-d16 -mfloat-abi=hard -mthumb -o "Drivers/STM32G4xx_HAL_Driver/Src/stm32g4xx_hal_uart_ex.o"
arm-none-eabi-gcc "../Drivers/STM32G4xx_HAL_Driver/Src/stm32g4xx_hal_usart.c" -mcpu=cortex-m4 -std=gnu11 -g3 -DDEBUG -DUSE_NUCLEO_64 -DUSE_HAL_DRIVER -DSTM32G491xx -c -I../Core/Inc -I../Drivers/STM32G4xx_HAL_Driver/Inc -I../Drivers/STM32G4xx_HAL_Driver/Inc/Legacy -I../Drivers/BSP/STM32G4xx_Nucleo -I../Drivers/CMSIS/Device/ST/STM32G4xx/Include -I../Drivers/CMSIS/Include -O0 -ffunction-sections -fdata-sections -Wall -fstack-usage -fcyclomatic-complexity -MMD -MP -MF"Drivers/STM32G4xx_HAL_Driver/Src/stm32g4xx_hal_usart.d" -MT"Drivers/STM32G4xx_HAL_Driver/Src/stm32g4xx_hal_usart.o" --specs=nano.specs -mfpu=fpv4-sp-d16 -mfloat-abi=hard -mthumb -o "Drivers/STM32G4xx_HAL_Driver/Src/stm32g4xx_hal_usart.o"
arm-none-eabi-gcc "../Drivers/STM32G4xx_HAL_Driver/Src/stm32g4xx_hal_usart_ex.c" -mcpu=cortex-m4 -std=gnu11 -g3 -DDEBUG -DUSE_NUCLEO_64 -DUSE_HAL_DRIVER -DSTM32G491xx -c -I../Core/Inc -I../Drivers/STM32G4xx_HAL_Driver/Inc -I../Drivers/STM32G4xx_HAL_Driver/Inc/Legacy -I../Drivers/BSP/STM32G4xx_Nucleo -I../Drivers/CMSIS/Device/ST/STM32G4xx/Include -I../Drivers/CMSIS/Include -O0 -ffunction-sections -fdata-sections -Wall -fstack-usage -fcyclomatic-complexity -MMD -MP -MF"Drivers/STM32G4xx_HAL_Driver/Src/stm32g4xx_hal_usart_ex.d" -MT"Drivers/STM32G4xx_HAL_Driver/Src/stm32g4xx_hal_usart_ex.o" --specs=nano.specs -mfpu=fpv4-sp-d16 -mfloat-abi=hard -mthumb -o "Drivers/STM32G4xx_HAL_Driver/Src/stm32g4xx_hal_usart_ex.o"
arm-none-eabi-gcc "../Drivers/BSP/STM32G4xx_Nucleo/stm32g4xx_nucleo.c" -mcpu=cortex-m4 -std=gnu11 -g3 -DDEBUG -DUSE_NUCLEO_64 -DUSE_HAL_DRIVER -DSTM32G491xx -c -I../Core/Inc -I../Drivers/STM32G4xx_HAL_Driver/Inc -I../Drivers/STM32G4xx_HAL_Driver/Inc/Legacy -I../Drivers/BSP/STM32G4xx_Nucleo -I../Drivers/CMSIS/Device/ST/STM32G4xx/Include -I../Drivers/CMSIS/Include -O0 -ffunction-sections -fdata-sections -Wall -fstack-usage -fcyclomatic-complexity -MMD -MP -MF"Drivers/BSP/STM32G4xx_Nucleo/stm32g4xx_nucleo.d" -MT"Drivers/BSP/STM32G4xx_Nucleo/stm32g4xx_nucleo.o" --specs=nano.specs -mfpu=fpv4-sp-d16 -mfloat-abi=hard -mthumb -o "Drivers/BSP/STM32G4xx_Nucleo/stm32g4xx_nucleo.o"
arm-none-eabi-gcc -mcpu=cortex-m4 -g3 -DDEBUG -c -x assembler-with-cpp -MMD -MP -MF"Core/Startup/startup_stm32g491retx.d" -MT"Core/Startup/startup_stm32g491retx.o" --specs=nano.specs -mfpu=fpv4-sp-d16 -mfloat-abi=hard -mthumb -o "Core/Startup/startup_stm32g491retx.o" "../Core/Startup/startup_stm32g491retx.s"
arm-none-eabi-gcc "../Core/Src/main.c" -mcpu=cortex-m4 -std=gnu11 -g3 -DDEBUG -DUSE_NUCLEO_64 -DUSE_HAL_DRIVER -DSTM32G491xx -c -I../Core/Inc -I../Drivers/STM32G4xx_HAL_Driver/Inc -I../Drivers/STM32G4xx_HAL_Driver/Inc/Legacy -I../Drivers/BSP/STM32G4xx_Nucleo -I../Drivers/CMSIS/Device/ST/STM32G4xx/Include -I../Drivers/CMSIS/Include -O0 -ffunction-sections -fdata-sections -Wall -fstack-usage -fcyclomatic-complexity -MMD -MP -MF"Core/Src/main.d" -MT"Core/Src/main.o" --specs=nano.specs -mfpu=fpv4-sp-d16 -mfloat-abi=hard -mthumb -o "Core/Src/main.o"
arm-none-eabi-gcc "../Core/Src/stm32g4xx_hal_msp.c" -mcpu=cortex-m4 -std=gnu11 -g3 -DDEBUG -DUSE_NUCLEO_64 -DUSE_HAL_DRIVER -DSTM32G491xx -c -I../Core/Inc -I../Drivers/STM32G4xx_HAL_Driver/Inc -I../Drivers/STM32G4xx_HAL_Driver/Inc/Legacy -I../Drivers/BSP/STM32G4xx_Nucleo -I../Drivers/CMSIS/Device/ST/STM32G4xx/Include -I../Drivers/CMSIS/Include -O0 -ffunction-sections -fdata-sections -Wall -fstack-usage -fcyclomatic-complexity -MMD -MP -MF"Core/Src/stm32g4xx_hal_msp.d" -MT"Core/Src/stm32g4xx_hal_msp.o" --specs=nano.specs -mfpu=fpv4-sp-d16 -mfloat-abi=hard -mthumb -o "Core/Src/stm32g4xx_hal_msp.o"
arm-none-eabi-gcc "../Core/Src/stm32g4xx_it.c" -mcpu=cortex-m4 -std=gnu11 -g3 -DDEBUG -DUSE_NUCLEO_64 -DUSE_HAL_DRIVER -DSTM32G491xx -c -I../Core/Inc -I../Drivers/STM32G4xx_HAL_Driver/Inc -I../Drivers/STM32G4xx_HAL_Driver/Inc/Legacy -I../Drivers/BSP/STM32G4xx_Nucleo -I../Drivers/CMSIS/Device/ST/STM32G4xx/Include -I../Drivers/CMSIS/Include -O0 -ffunction-sections -fdata-sections -Wall -fstack-usage -fcyclomatic-complexity -MMD -MP -MF"Core/Src/stm32g4xx_it.d" -MT"Core/Src/stm32g4xx_it.o" --specs=nano.specs -mfpu=fpv4-sp-d16 -mfloat-abi=hard -mthumb -o "Core/Src/stm32g4xx_it.o"
arm-none-eabi-gcc "../Core/Src/syscalls.c" -mcpu=cortex-m4 -std=gnu11 -g3 -DDEBUG -DUSE_NUCLEO_64 -DUSE_HAL_DRIVER -DSTM32G491xx -c -I../Core/Inc -I../Drivers/STM32G4xx_HAL_Driver/Inc -I../Drivers/STM32G4xx_HAL_Driver/Inc/Legacy -I../Drivers/BSP/STM32G4xx_Nucleo -I../Drivers/CMSIS/Device/ST/STM32G4xx/Include -I../Drivers/CMSIS/Include -O0 -ffunction-sections -fdata-sections -Wall -fstack-usage -fcyclomatic-complexity -MMD -MP -MF"Core/Src/syscalls.d" -MT"Core/Src/syscalls.o" --specs=nano.specs -mfpu=fpv4-sp-d16 -mfloat-abi=hard -mthumb -o "Core/Src/syscalls.o"
arm-none-eabi-gcc "../Core/Src/sysmem.c" -mcpu=cortex-m4 -std=gnu11 -g3 -DDEBUG -DUSE_NUCLEO_64 -DUSE_HAL_DRIVER -DSTM32G491xx -c -I../Core/Inc -I../Drivers/STM32G4xx_HAL_Driver/Inc -I../Drivers/STM32G4xx_HAL_Driver/Inc/Legacy -I../Drivers/BSP/STM32G4xx_Nucleo -I../Drivers/CMSIS/Device/ST/STM32G4xx/Include -I../Drivers/CMSIS/Include -O0 -ffunction-sections -fdata-sections -Wall -fstack-usage -fcyclomatic-complexity -MMD -MP -MF"Core/Src/sysmem.d" -MT"Core/Src/sysmem.o" --specs=nano.specs -mfpu=fpv4-sp-d16 -mfloat-abi=hard -mthumb -o "Core/Src/sysmem.o"
arm-none-eabi-gcc "../Core/Src/system_stm32g4xx.c" -mcpu=cortex-m4 -std=gnu11 -g3 -DDEBUG -DUSE_NUCLEO_64 -DUSE_HAL_DRIVER -DSTM32G491xx -c -I../Core/Inc -I../Drivers/STM32G4xx_HAL_Driver/Inc -I../Drivers/STM32G4xx_HAL_Driver/Inc/Legacy -I../Drivers/BSP/STM32G4xx_Nucleo -I../Drivers/CMSIS/Device/ST/STM32G4xx/Include -I../Drivers/CMSIS/Include -O0 -ffunction-sections -fdata-sections -Wall -fstack-usage -fcyclomatic-complexity -MMD -MP -MF"Core/Src/system_stm32g4xx.d" -MT"Core/Src/system_stm32g4xx.o" --specs=nano.specs -mfpu=fpv4-sp-d16 -mfloat-abi=hard -mthumb -o "Core/Src/system_stm32g4xx.o"
arm-none-eabi-gcc -o "cubemx_blink.elf" @"objects.list"   -mcpu=cortex-m4 -T"C:\Users\Peter\Desktop\stm32_workspace\cubemx_blink\STM32G491RETX_FLASH.ld" --specs=nosys.specs -Wl,-Map="cubemx_blink.map" -Wl,--gc-sections -static --specs=nano.specs -mfpu=fpv4-sp-d16 -mfloat-abi=hard -mthumb -Wl,--start-group -lc -lm -Wl,--end-group
Finished building target: cubemx_blink.elf
 
arm-none-eabi-size  cubemx_blink.elf 
arm-none-eabi-objdump -h -S cubemx_blink.elf  > "cubemx_blink.list"
   text	   data	    bss	    dec	    hex	filename
  10400	     28	   1740	  12168	   2f88	cubemx_blink.elf
Finished building: default.size.stdout
 
Finished building: cubemx_blink.list
 
18:35:47 **** Incremental Build of configuration Debug for project cubemx_blink ****
make -j16 all 
arm-none-eabi-size  cubemx_blink.elf 
   text	   data	    bss	    dec	    hex	filename
  10400	     28	   1740	  12168	   2f88	cubemx_blink.elf
Finished building: default.size.stdout
 
18:36:57 **** Incremental Build of configuration Debug for project cubemx_blink ****
make -j16 all 
arm-none-eabi-gcc "../Core/Src/main.c" -mcpu=cortex-m4 -std=gnu11 -g3 -DDEBUG -DUSE_NUCLEO_64 -DUSE_HAL_DRIVER -DSTM32G491xx -c -I../Core/Inc -I../Drivers/STM32G4xx_HAL_Driver/Inc -I../Drivers/STM32G4xx_HAL_Driver/Inc/Legacy -I../Drivers/BSP/STM32G4xx_Nucleo -I../Drivers/CMSIS/Device/ST/STM32G4xx/Include -I../Drivers/CMSIS/Include -O0 -ffunction-sections -fdata-sections -Wall -fstack-usage -fcyclomatic-complexity -MMD -MP -MF"Core/Src/main.d" -MT"Core/Src/main.o" --specs=nano.specs -mfpu=fpv4-sp-d16 -mfloat-abi=hard -mthumb -o "Core/Src/main.o"
In file included from ../Drivers/CMSIS/Device/ST/STM32G4xx/Include/stm32g4xx.h:125,
                 from ../Drivers/STM32G4xx_HAL_Driver/Inc/stm32g4xx_hal_def.h:29,
                 from ../Drivers/STM32G4xx_HAL_Driver/Inc/stm32g4xx_hal_rcc.h:27,
                 from ../Core/Inc/stm32g4xx_hal_conf.h:212,
                 from ../Drivers/STM32G4xx_HAL_Driver/Inc/stm32g4xx_hal.h:29,
                 from ../Core/Inc/main.h:30,
                 from ../Core/Src/main.c:33:
../Drivers/CMSIS/Device/ST/STM32G4xx/Include/stm32g491xx.h:1059:9: warning: "RCC_BASE" redefined
 1059 | #define RCC_BASE              (AHB1PERIPH_BASE + 0x1000UL)
      |         ^~~~~~~~
../Core/Src/main.c:27:9: note: this is the location of the previous definition
   27 | #define RCC_BASE (0x40021000UL)
      |         ^~~~~~~~
../Core/Src/main.c:46:10: error: expected '=', ',', ';', 'asm' or '__attribute__' before '|=' token
   46 | *GPIOAEN |= (1U << 0);
      |          ^~
../Core/Src/main.c:48:17: error: expected '=', ',', ';', 'asm' or '__attribute__' before '&=' token
   48 | *GPIO_MODER_PTR &= (0b11U << 10);
      |                 ^~
../Core/Src/main.c:50:17: error: expected '=', ',', ';', 'asm' or '__attribute__' before '|=' token
   50 | *GPIO_MODER_PTR |= (0b11U << 10);
      |                 ^~
../Core/Src/main.c:52:13: error: expected '=', ',', ';', 'asm' or '__attribute__' before '|=' token
   52 | *GPIOA5_ODR |= (1U << 5);
      |             ^~
make: *** [Core/Src/subdir.mk:34: Core/Src/main.o] Error 1
"make -j16 all" terminated with exit code 2. Build might be incomplete.
18:37:05 **** Incremental Build of configuration Debug for project cubemx_blink ****
make -j16 all 
arm-none-eabi-gcc "../Core/Src/main.c" -mcpu=cortex-m4 -std=gnu11 -g3 -DDEBUG -DUSE_NUCLEO_64 -DUSE_HAL_DRIVER -DSTM32G491xx -c -I../Core/Inc -I../Drivers/STM32G4xx_HAL_Driver/Inc -I../Drivers/STM32G4xx_HAL_Driver/Inc/Legacy -I../Drivers/BSP/STM32G4xx_Nucleo -I../Drivers/CMSIS/Device/ST/STM32G4xx/Include -I../Drivers/CMSIS/Include -O0 -ffunction-sections -fdata-sections -Wall -fstack-usage -fcyclomatic-complexity -MMD -MP -MF"Core/Src/main.d" -MT"Core/Src/main.o" --specs=nano.specs -mfpu=fpv4-sp-d16 -mfloat-abi=hard -mthumb -o "Core/Src/main.o"
In file included from ../Drivers/CMSIS/Device/ST/STM32G4xx/Include/stm32g4xx.h:125,
                 from ../Drivers/STM32G4xx_HAL_Driver/Inc/stm32g4xx_hal_def.h:29,
                 from ../Drivers/STM32G4xx_HAL_Driver/Inc/stm32g4xx_hal_rcc.h:27,
                 from ../Core/Inc/stm32g4xx_hal_conf.h:212,
                 from ../Drivers/STM32G4xx_HAL_Driver/Inc/stm32g4xx_hal.h:29,
                 from ../Core/Inc/main.h:30,
                 from ../Core/Src/main.c:33:
../Drivers/CMSIS/Device/ST/STM32G4xx/Include/stm32g491xx.h:1059:9: warning: "RCC_BASE" redefined
 1059 | #define RCC_BASE              (AHB1PERIPH_BASE + 0x1000UL)
      |         ^~~~~~~~
../Core/Src/main.c:27:9: note: this is the location of the previous definition
   27 | #define RCC_BASE (0x40021000UL)
      |         ^~~~~~~~
../Core/Src/main.c:46:10: error: expected '=', ',', ';', 'asm' or '__attribute__' before '|=' token
   46 | *GPIOAEN |= (1U << 0);
      |          ^~
../Core/Src/main.c:48:17: error: expected '=', ',', ';', 'asm' or '__attribute__' before '&=' token
   48 | *GPIO_MODER_PTR &= (0b11U << 10);
      |                 ^~
../Core/Src/main.c:50:17: error: expected '=', ',', ';', 'asm' or '__attribute__' before '|=' token
   50 | *GPIO_MODER_PTR |= (0b11U << 10);
      |                 ^~
../Core/Src/main.c:52:13: error: expected '=', ',', ';', 'asm' or '__attribute__' before '|=' token
   52 | *GPIOA5_ODR |= (1U << 5);
      |             ^~
make: *** [Core/Src/subdir.mk:34: Core/Src/main.o] Error 1
"make -j16 all" terminated with exit code 2. Build might be incomplete.
18:40:20 **** Incremental Build of configuration Debug for project cubemx_blink ****
make -j16 all 
arm-none-eabi-gcc "../Core/Src/main.c" -mcpu=cortex-m4 -std=gnu11 -g3 -DDEBUG -DUSE_NUCLEO_64 -DUSE_HAL_DRIVER -DSTM32G491xx -c -I../Core/Inc -I../Drivers/STM32G4xx_HAL_Driver/Inc -I../Drivers/STM32G4xx_HAL_Driver/Inc/Legacy -I../Drivers/BSP/STM32G4xx_Nucleo -I../Drivers/CMSIS/Device/ST/STM32G4xx/Include -I../Drivers/CMSIS/Include -O0 -ffunction-sections -fdata-sections -Wall -fstack-usage -fcyclomatic-complexity -MMD -MP -MF"Core/Src/main.d" -MT"Core/Src/main.o" --specs=nano.specs -mfpu=fpv4-sp-d16 -mfloat-abi=hard -mthumb -o "Core/Src/main.o"
In file included from ../Drivers/CMSIS/Device/ST/STM32G4xx/Include/stm32g4xx.h:125,
                 from ../Drivers/STM32G4xx_HAL_Driver/Inc/stm32g4xx_hal_def.h:29,
                 from ../Drivers/STM32G4xx_HAL_Driver/Inc/stm32g4xx_hal_rcc.h:27,
                 from ../Core/Inc/stm32g4xx_hal_conf.h:212,
                 from ../Drivers/STM32G4xx_HAL_Driver/Inc/stm32g4xx_hal.h:29,
                 from ../Core/Inc/main.h:30,
                 from ../Core/Src/main.c:33:
../Drivers/CMSIS/Device/ST/STM32G4xx/Include/stm32g491xx.h:1059:9: warning: "RCC_BASE" redefined
 1059 | #define RCC_BASE              (AHB1PERIPH_BASE + 0x1000UL)
      |         ^~~~~~~~
../Core/Src/main.c:27:9: note: this is the location of the previous definition
   27 | #define RCC_BASE (0x40021000UL)
      |         ^~~~~~~~
../Core/Src/main.c:46:10: error: expected '=', ',', ';', 'asm' or '__attribute__' before '|=' token
   46 | *GPIOAEN |= (1U << 0);
      |          ^~
../Core/Src/main.c:48:17: error: expected '=', ',', ';', 'asm' or '__attribute__' before '|=' token
   48 | *GPIO_MODER_PTR |= (0b11U << 10);
      |                 ^~
../Core/Src/main.c:50:13: error: expected '=', ',', ';', 'asm' or '__attribute__' before '|=' token
   50 | *GPIOA5_ODR |= (1U << 5);
      |             ^~
make: *** [Core/Src/subdir.mk:34: Core/Src/main.o] Error 1
"make -j16 all" terminated with exit code 2. Build might be incomplete.
18:40:46 **** Incremental Build of configuration Debug for project cubemx_blink ****
make -j16 all 
arm-none-eabi-gcc "../Core/Src/main.c" -mcpu=cortex-m4 -std=gnu11 -g3 -DDEBUG -DUSE_NUCLEO_64 -DUSE_HAL_DRIVER -DSTM32G491xx -c -I../Core/Inc -I../Drivers/STM32G4xx_HAL_Driver/Inc -I../Drivers/STM32G4xx_HAL_Driver/Inc/Legacy -I../Drivers/BSP/STM32G4xx_Nucleo -I../Drivers/CMSIS/Device/ST/STM32G4xx/Include -I../Drivers/CMSIS/Include -O0 -ffunction-sections -fdata-sections -Wall -fstack-usage -fcyclomatic-complexity -MMD -MP -MF"Core/Src/main.d" -MT"Core/Src/main.o" --specs=nano.specs -mfpu=fpv4-sp-d16 -mfloat-abi=hard -mthumb -o "Core/Src/main.o"
In file included from ../Drivers/CMSIS/Device/ST/STM32G4xx/Include/stm32g4xx.h:125,
                 from ../Drivers/STM32G4xx_HAL_Driver/Inc/stm32g4xx_hal_def.h:29,
                 from ../Drivers/STM32G4xx_HAL_Driver/Inc/stm32g4xx_hal_rcc.h:27,
                 from ../Core/Inc/stm32g4xx_hal_conf.h:212,
                 from ../Drivers/STM32G4xx_HAL_Driver/Inc/stm32g4xx_hal.h:29,
                 from ../Core/Inc/main.h:30,
                 from ../Core/Src/main.c:33:
../Drivers/CMSIS/Device/ST/STM32G4xx/Include/stm32g491xx.h:1059:9: warning: "RCC_BASE" redefined
 1059 | #define RCC_BASE              (AHB1PERIPH_BASE + 0x1000UL)
      |         ^~~~~~~~
../Core/Src/main.c:27:9: note: this is the location of the previous definition
   27 | #define RCC_BASE (0x40021000UL)
      |         ^~~~~~~~
arm-none-eabi-gcc -o "cubemx_blink.elf" @"objects.list"   -mcpu=cortex-m4 -T"C:\Users\Peter\Desktop\stm32_workspace\cubemx_blink\STM32G491RETX_FLASH.ld" --specs=nosys.specs -Wl,-Map="cubemx_blink.map" -Wl,--gc-sections -static --specs=nano.specs -mfpu=fpv4-sp-d16 -mfloat-abi=hard -mthumb -Wl,--start-group -lc -lm -Wl,--end-group
Finished building target: cubemx_blink.elf
 
arm-none-eabi-size  cubemx_blink.elf 
arm-none-eabi-objdump -h -S cubemx_blink.elf  > "cubemx_blink.list"
   text	   data	    bss	    dec	    hex	filename
  10460	     40	   1744	  12244	   2fd4	cubemx_blink.elf
Finished building: default.size.stdout
 
Finished building: cubemx_blink.list
 
18:40:59 **** Incremental Build of configuration Debug for project cubemx_blink ****
make -j16 all 
arm-none-eabi-size  cubemx_blink.elf 
   text	   data	    bss	    dec	    hex	filename
  10460	     40	   1744	  12244	   2fd4	cubemx_blink.elf
Finished building: default.size.stdout
 
19:01:10 **** Incremental Build of configuration Debug for project cubemx_blink ****
make -j16 all 
arm-none-eabi-size  cubemx_blink.elf 
   text	   data	    bss	    dec	    hex	filename
  10460	     40	   1744	  12244	   2fd4	cubemx_blink.elf
Finished building: default.size.stdout
 
19:25:40 **** Incremental Build of configuration Debug for project cubemx_blink ****
make -j16 all 
arm-none-eabi-size  cubemx_blink.elf 
   text	   data	    bss	    dec	    hex	filename
  10460	     40	   1744	  12244	   2fd4	cubemx_blink.elf
Finished building: default.size.stdout
 
19:25:44 **** Incremental Build of configuration Debug for project cubemx_blink ****
make -j16 all 
arm-none-eabi-size  cubemx_blink.elf 
   text	   data	    bss	    dec	    hex	filename
  10460	     40	   1744	  12244	   2fd4	cubemx_blink.elf
Finished building: default.size.stdout
 
19:26:28 **** Incremental Build of configuration Debug for project cubemx_blink ****
make -j16 all 
arm-none-eabi-size  cubemx_blink.elf 
   text	   data	    bss	    dec	    hex	filename
  10460	     40	   1744	  12244	   2fd4	cubemx_blink.elf
Finished building: default.size.stdout
 
19:26:45 **** Incremental Build of configuration Debug for project cubemx_blink ****
make -j16 all 
arm-none-eabi-size  cubemx_blink.elf 
   text	   data	    bss	    dec	    hex	filename
  10460	     40	   1744	  12244	   2fd4	cubemx_blink.elf
Finished building: default.size.stdout
 
19:37:20 **** Incremental Build of configuration Debug for project cubemx_blink ****
make -j16 all 
arm-none-eabi-gcc "../Core/Src/main.c" -mcpu=cortex-m4 -std=gnu11 -g3 -DDEBUG -DUSE_NUCLEO_64 -DUSE_HAL_DRIVER -DSTM32G491xx -c -I../Core/Inc -I../Drivers/STM32G4xx_HAL_Driver/Inc -I../Drivers/STM32G4xx_HAL_Driver/Inc/Legacy -I../Drivers/BSP/STM32G4xx_Nucleo -I../Drivers/CMSIS/Device/ST/STM32G4xx/Include -I../Drivers/CMSIS/Include -O0 -ffunction-sections -fdata-sections -Wall -fstack-usage -fcyclomatic-complexity -MMD -MP -MF"Core/Src/main.d" -MT"Core/Src/main.o" --specs=nano.specs -mfpu=fpv4-sp-d16 -mfloat-abi=hard -mthumb -o "Core/Src/main.o"
In file included from ../Drivers/CMSIS/Device/ST/STM32G4xx/Include/stm32g4xx.h:125,
                 from ../Drivers/STM32G4xx_HAL_Driver/Inc/stm32g4xx_hal_def.h:29,
                 from ../Drivers/STM32G4xx_HAL_Driver/Inc/stm32g4xx_hal_rcc.h:27,
                 from ../Core/Inc/stm32g4xx_hal_conf.h:212,
                 from ../Drivers/STM32G4xx_HAL_Driver/Inc/stm32g4xx_hal.h:29,
                 from ../Core/Inc/main.h:30,
                 from ../Core/Src/main.c:31:
../Drivers/CMSIS/Device/ST/STM32G4xx/Include/stm32g491xx.h:1059:9: warning: "RCC_BASE" redefined
 1059 | #define RCC_BASE              (AHB1PERIPH_BASE + 0x1000UL)
      |         ^~~~~~~~
../Core/Src/main.c:25:9: note: this is the location of the previous definition
   25 | #define RCC_BASE (0x40021000UL)
      |         ^~~~~~~~
arm-none-eabi-gcc -o "cubemx_blink.elf" @"objects.list"   -mcpu=cortex-m4 -T"C:\Users\Peter\Desktop\stm32_workspace\cubemx_blink\STM32G491RETX_FLASH.ld" --specs=nosys.specs -Wl,-Map="cubemx_blink.map" -Wl,--gc-sections -static --specs=nano.specs -mfpu=fpv4-sp-d16 -mfloat-abi=hard -mthumb -Wl,--start-group -lc -lm -Wl,--end-group
Finished building target: cubemx_blink.elf
 
arm-none-eabi-size  cubemx_blink.elf 
arm-none-eabi-objdump -h -S cubemx_blink.elf  > "cubemx_blink.list"
   text	   data	    bss	    dec	    hex	filename
  10460	     28	   1740	  12228	   2fc4	cubemx_blink.elf
Finished building: default.size.stdout
 
Finished building: cubemx_blink.list
 
19:39:47 **** Incremental Build of configuration Debug for project cubemx_blink ****
make -j16 all 
arm-none-eabi-size  cubemx_blink.elf 
   text	   data	    bss	    dec	    hex	filename
  10460	     28	   1740	  12228	   2fc4	cubemx_blink.elf
Finished building: default.size.stdout
 
19:41:05 **** Incremental Build of configuration Debug for project cubemx_blink ****
make -j16 all 
arm-none-eabi-gcc "../Core/Src/main.c" -mcpu=cortex-m4 -std=gnu11 -g3 -DDEBUG -DUSE_NUCLEO_64 -DUSE_HAL_DRIVER -DSTM32G491xx -c -I../Core/Inc -I../Drivers/STM32G4xx_HAL_Driver/Inc -I../Drivers/STM32G4xx_HAL_Driver/Inc/Legacy -I../Drivers/BSP/STM32G4xx_Nucleo -I../Drivers/CMSIS/Device/ST/STM32G4xx/Include -I../Drivers/CMSIS/Include -O0 -ffunction-sections -fdata-sections -Wall -fstack-usage -fcyclomatic-complexity -MMD -MP -MF"Core/Src/main.d" -MT"Core/Src/main.o" --specs=nano.specs -mfpu=fpv4-sp-d16 -mfloat-abi=hard -mthumb -o "Core/Src/main.o"
In file included from ../Drivers/CMSIS/Device/ST/STM32G4xx/Include/stm32g4xx.h:125,
                 from ../Drivers/STM32G4xx_HAL_Driver/Inc/stm32g4xx_hal_def.h:29,
                 from ../Drivers/STM32G4xx_HAL_Driver/Inc/stm32g4xx_hal_rcc.h:27,
                 from ../Core/Inc/stm32g4xx_hal_conf.h:212,
                 from ../Drivers/STM32G4xx_HAL_Driver/Inc/stm32g4xx_hal.h:29,
                 from ../Core/Inc/main.h:30,
                 from ../Core/Src/main.c:31:
../Drivers/CMSIS/Device/ST/STM32G4xx/Include/stm32g491xx.h:1059:9: warning: "RCC_BASE" redefined
 1059 | #define RCC_BASE              (AHB1PERIPH_BASE + 0x1000UL)
      |         ^~~~~~~~
../Core/Src/main.c:25:9: note: this is the location of the previous definition
   25 | #define RCC_BASE (0x40021000UL)
      |         ^~~~~~~~
arm-none-eabi-gcc -o "cubemx_blink.elf" @"objects.list"   -mcpu=cortex-m4 -T"C:\Users\Peter\Desktop\stm32_workspace\cubemx_blink\STM32G491RETX_FLASH.ld" --specs=nosys.specs -Wl,-Map="cubemx_blink.map" -Wl,--gc-sections -static --specs=nano.specs -mfpu=fpv4-sp-d16 -mfloat-abi=hard -mthumb -Wl,--start-group -lc -lm -Wl,--end-group
Finished building target: cubemx_blink.elf
 
arm-none-eabi-size  cubemx_blink.elf 
arm-none-eabi-objdump -h -S cubemx_blink.elf  > "cubemx_blink.list"
   text	   data	    bss	    dec	    hex	filename
   1104	      4	   1580	   2688	    a80	cubemx_blink.elf
Finished building: default.size.stdout
 
Finished building: cubemx_blink.list
 
17:06:35 **** Build of configuration Debug for project cubemx_ledgreen ****
make -j16 all 
arm-none-eabi-gcc "../Drivers/STM32G4xx_HAL_Driver/Src/stm32g4xx_hal.c" -mcpu=cortex-m4 -std=gnu11 -g3 -DDEBUG -DUSE_NUCLEO_64 -DUSE_HAL_DRIVER -DSTM32G491xx -c -I../Core/Inc -I../Drivers/STM32G4xx_HAL_Driver/Inc -I../Drivers/STM32G4xx_HAL_Driver/Inc/Legacy -I../Drivers/BSP/STM32G4xx_Nucleo -I../Drivers/CMSIS/Device/ST/STM32G4xx/Include -I../Drivers/CMSIS/Include -O0 -ffunction-sections -fdata-sections -Wall -fstack-usage -fcyclomatic-complexity -MMD -MP -MF"Drivers/STM32G4xx_HAL_Driver/Src/stm32g4xx_hal.d" -MT"Drivers/STM32G4xx_HAL_Driver/Src/stm32g4xx_hal.o" --specs=nano.specs -mfpu=fpv4-sp-d16 -mfloat-abi=hard -mthumb -o "Drivers/STM32G4xx_HAL_Driver/Src/stm32g4xx_hal.o"
arm-none-eabi-gcc "../Drivers/STM32G4xx_HAL_Driver/Src/stm32g4xx_hal_cortex.c" -mcpu=cortex-m4 -std=gnu11 -g3 -DDEBUG -DUSE_NUCLEO_64 -DUSE_HAL_DRIVER -DSTM32G491xx -c -I../Core/Inc -I../Drivers/STM32G4xx_HAL_Driver/Inc -I../Drivers/STM32G4xx_HAL_Driver/Inc/Legacy -I../Drivers/BSP/STM32G4xx_Nucleo -I../Drivers/CMSIS/Device/ST/STM32G4xx/Include -I../Drivers/CMSIS/Include -O0 -ffunction-sections -fdata-sections -Wall -fstack-usage -fcyclomatic-complexity -MMD -MP -MF"Drivers/STM32G4xx_HAL_Driver/Src/stm32g4xx_hal_cortex.d" -MT"Drivers/STM32G4xx_HAL_Driver/Src/stm32g4xx_hal_cortex.o" --specs=nano.specs -mfpu=fpv4-sp-d16 -mfloat-abi=hard -mthumb -o "Drivers/STM32G4xx_HAL_Driver/Src/stm32g4xx_hal_cortex.o"
arm-none-eabi-gcc "../Drivers/STM32G4xx_HAL_Driver/Src/stm32g4xx_hal_dma.c" -mcpu=cortex-m4 -std=gnu11 -g3 -DDEBUG -DUSE_NUCLEO_64 -DUSE_HAL_DRIVER -DSTM32G491xx -c -I../Core/Inc -I../Drivers/STM32G4xx_HAL_Driver/Inc -I../Drivers/STM32G4xx_HAL_Driver/Inc/Legacy -I../Drivers/BSP/STM32G4xx_Nucleo -I../Drivers/CMSIS/Device/ST/STM32G4xx/Include -I../Drivers/CMSIS/Include -O0 -ffunction-sections -fdata-sections -Wall -fstack-usage -fcyclomatic-complexity -MMD -MP -MF"Drivers/STM32G4xx_HAL_Driver/Src/stm32g4xx_hal_dma.d" -MT"Drivers/STM32G4xx_HAL_Driver/Src/stm32g4xx_hal_dma.o" --specs=nano.specs -mfpu=fpv4-sp-d16 -mfloat-abi=hard -mthumb -o "Drivers/STM32G4xx_HAL_Driver/Src/stm32g4xx_hal_dma.o"
arm-none-eabi-gcc "../Drivers/STM32G4xx_HAL_Driver/Src/stm32g4xx_hal_dma_ex.c" -mcpu=cortex-m4 -std=gnu11 -g3 -DDEBUG -DUSE_NUCLEO_64 -DUSE_HAL_DRIVER -DSTM32G491xx -c -I../Core/Inc -I../Drivers/STM32G4xx_HAL_Driver/Inc -I../Drivers/STM32G4xx_HAL_Driver/Inc/Legacy -I../Drivers/BSP/STM32G4xx_Nucleo -I../Drivers/CMSIS/Device/ST/STM32G4xx/Include -I../Drivers/CMSIS/Include -O0 -ffunction-sections -fdata-sections -Wall -fstack-usage -fcyclomatic-complexity -MMD -MP -MF"Drivers/STM32G4xx_HAL_Driver/Src/stm32g4xx_hal_dma_ex.d" -MT"Drivers/STM32G4xx_HAL_Driver/Src/stm32g4xx_hal_dma_ex.o" --specs=nano.specs -mfpu=fpv4-sp-d16 -mfloat-abi=hard -mthumb -o "Drivers/STM32G4xx_HAL_Driver/Src/stm32g4xx_hal_dma_ex.o"
arm-none-eabi-gcc "../Drivers/STM32G4xx_HAL_Driver/Src/stm32g4xx_hal_exti.c" -mcpu=cortex-m4 -std=gnu11 -g3 -DDEBUG -DUSE_NUCLEO_64 -DUSE_HAL_DRIVER -DSTM32G491xx -c -I../Core/Inc -I../Drivers/STM32G4xx_HAL_Driver/Inc -I../Drivers/STM32G4xx_HAL_Driver/Inc/Legacy -I../Drivers/BSP/STM32G4xx_Nucleo -I../Drivers/CMSIS/Device/ST/STM32G4xx/Include -I../Drivers/CMSIS/Include -O0 -ffunction-sections -fdata-sections -Wall -fstack-usage -fcyclomatic-complexity -MMD -MP -MF"Drivers/STM32G4xx_HAL_Driver/Src/stm32g4xx_hal_exti.d" -MT"Drivers/STM32G4xx_HAL_Driver/Src/stm32g4xx_hal_exti.o" --specs=nano.specs -mfpu=fpv4-sp-d16 -mfloat-abi=hard -mthumb -o "Drivers/STM32G4xx_HAL_Driver/Src/stm32g4xx_hal_exti.o"
arm-none-eabi-gcc "../Drivers/STM32G4xx_HAL_Driver/Src/stm32g4xx_hal_flash.c" -mcpu=cortex-m4 -std=gnu11 -g3 -DDEBUG -DUSE_NUCLEO_64 -DUSE_HAL_DRIVER -DSTM32G491xx -c -I../Core/Inc -I../Drivers/STM32G4xx_HAL_Driver/Inc -I../Drivers/STM32G4xx_HAL_Driver/Inc/Legacy -I../Drivers/BSP/STM32G4xx_Nucleo -I../Drivers/CMSIS/Device/ST/STM32G4xx/Include -I../Drivers/CMSIS/Include -O0 -ffunction-sections -fdata-sections -Wall -fstack-usage -fcyclomatic-complexity -MMD -MP -MF"Drivers/STM32G4xx_HAL_Driver/Src/stm32g4xx_hal_flash.d" -MT"Drivers/STM32G4xx_HAL_Driver/Src/stm32g4xx_hal_flash.o" --specs=nano.specs -mfpu=fpv4-sp-d16 -mfloat-abi=hard -mthumb -o "Drivers/STM32G4xx_HAL_Driver/Src/stm32g4xx_hal_flash.o"
arm-none-eabi-gcc "../Drivers/STM32G4xx_HAL_Driver/Src/stm32g4xx_hal_flash_ex.c" -mcpu=cortex-m4 -std=gnu11 -g3 -DDEBUG -DUSE_NUCLEO_64 -DUSE_HAL_DRIVER -DSTM32G491xx -c -I../Core/Inc -I../Drivers/STM32G4xx_HAL_Driver/Inc -I../Drivers/STM32G4xx_HAL_Driver/Inc/Legacy -I../Drivers/BSP/STM32G4xx_Nucleo -I../Drivers/CMSIS/Device/ST/STM32G4xx/Include -I../Drivers/CMSIS/Include -O0 -ffunction-sections -fdata-sections -Wall -fstack-usage -fcyclomatic-complexity -MMD -MP -MF"Drivers/STM32G4xx_HAL_Driver/Src/stm32g4xx_hal_flash_ex.d" -MT"Drivers/STM32G4xx_HAL_Driver/Src/stm32g4xx_hal_flash_ex.o" --specs=nano.specs -mfpu=fpv4-sp-d16 -mfloat-abi=hard -mthumb -o "Drivers/STM32G4xx_HAL_Driver/Src/stm32g4xx_hal_flash_ex.o"
arm-none-eabi-gcc "../Drivers/STM32G4xx_HAL_Driver/Src/stm32g4xx_hal_flash_ramfunc.c" -mcpu=cortex-m4 -std=gnu11 -g3 -DDEBUG -DUSE_NUCLEO_64 -DUSE_HAL_DRIVER -DSTM32G491xx -c -I../Core/Inc -I../Drivers/STM32G4xx_HAL_Driver/Inc -I../Drivers/STM32G4xx_HAL_Driver/Inc/Legacy -I../Drivers/BSP/STM32G4xx_Nucleo -I../Drivers/CMSIS/Device/ST/STM32G4xx/Include -I../Drivers/CMSIS/Include -O0 -ffunction-sections -fdata-sections -Wall -fstack-usage -fcyclomatic-complexity -MMD -MP -MF"Drivers/STM32G4xx_HAL_Driver/Src/stm32g4xx_hal_flash_ramfunc.d" -MT"Drivers/STM32G4xx_HAL_Driver/Src/stm32g4xx_hal_flash_ramfunc.o" --specs=nano.specs -mfpu=fpv4-sp-d16 -mfloat-abi=hard -mthumb -o "Drivers/STM32G4xx_HAL_Driver/Src/stm32g4xx_hal_flash_ramfunc.o"
arm-none-eabi-gcc "../Drivers/STM32G4xx_HAL_Driver/Src/stm32g4xx_hal_gpio.c" -mcpu=cortex-m4 -std=gnu11 -g3 -DDEBUG -DUSE_NUCLEO_64 -DUSE_HAL_DRIVER -DSTM32G491xx -c -I../Core/Inc -I../Drivers/STM32G4xx_HAL_Driver/Inc -I../Drivers/STM32G4xx_HAL_Driver/Inc/Legacy -I../Drivers/BSP/STM32G4xx_Nucleo -I../Drivers/CMSIS/Device/ST/STM32G4xx/Include -I../Drivers/CMSIS/Include -O0 -ffunction-sections -fdata-sections -Wall -fstack-usage -fcyclomatic-complexity -MMD -MP -MF"Drivers/STM32G4xx_HAL_Driver/Src/stm32g4xx_hal_gpio.d" -MT"Drivers/STM32G4xx_HAL_Driver/Src/stm32g4xx_hal_gpio.o" --specs=nano.specs -mfpu=fpv4-sp-d16 -mfloat-abi=hard -mthumb -o "Drivers/STM32G4xx_HAL_Driver/Src/stm32g4xx_hal_gpio.o"
arm-none-eabi-gcc "../Drivers/STM32G4xx_HAL_Driver/Src/stm32g4xx_hal_pwr.c" -mcpu=cortex-m4 -std=gnu11 -g3 -DDEBUG -DUSE_NUCLEO_64 -DUSE_HAL_DRIVER -DSTM32G491xx -c -I../Core/Inc -I../Drivers/STM32G4xx_HAL_Driver/Inc -I../Drivers/STM32G4xx_HAL_Driver/Inc/Legacy -I../Drivers/BSP/STM32G4xx_Nucleo -I../Drivers/CMSIS/Device/ST/STM32G4xx/Include -I../Drivers/CMSIS/Include -O0 -ffunction-sections -fdata-sections -Wall -fstack-usage -fcyclomatic-complexity -MMD -MP -MF"Drivers/STM32G4xx_HAL_Driver/Src/stm32g4xx_hal_pwr.d" -MT"Drivers/STM32G4xx_HAL_Driver/Src/stm32g4xx_hal_pwr.o" --specs=nano.specs -mfpu=fpv4-sp-d16 -mfloat-abi=hard -mthumb -o "Drivers/STM32G4xx_HAL_Driver/Src/stm32g4xx_hal_pwr.o"
arm-none-eabi-gcc "../Drivers/STM32G4xx_HAL_Driver/Src/stm32g4xx_hal_pwr_ex.c" -mcpu=cortex-m4 -std=gnu11 -g3 -DDEBUG -DUSE_NUCLEO_64 -DUSE_HAL_DRIVER -DSTM32G491xx -c -I../Core/Inc -I../Drivers/STM32G4xx_HAL_Driver/Inc -I../Drivers/STM32G4xx_HAL_Driver/Inc/Legacy -I../Drivers/BSP/STM32G4xx_Nucleo -I../Drivers/CMSIS/Device/ST/STM32G4xx/Include -I../Drivers/CMSIS/Include -O0 -ffunction-sections -fdata-sections -Wall -fstack-usage -fcyclomatic-complexity -MMD -MP -MF"Drivers/STM32G4xx_HAL_Driver/Src/stm32g4xx_hal_pwr_ex.d" -MT"Drivers/STM32G4xx_HAL_Driver/Src/stm32g4xx_hal_pwr_ex.o" --specs=nano.specs -mfpu=fpv4-sp-d16 -mfloat-abi=hard -mthumb -o "Drivers/STM32G4xx_HAL_Driver/Src/stm32g4xx_hal_pwr_ex.o"
arm-none-eabi-gcc "../Drivers/STM32G4xx_HAL_Driver/Src/stm32g4xx_hal_rcc.c" -mcpu=cortex-m4 -std=gnu11 -g3 -DDEBUG -DUSE_NUCLEO_64 -DUSE_HAL_DRIVER -DSTM32G491xx -c -I../Core/Inc -I../Drivers/STM32G4xx_HAL_Driver/Inc -I../Drivers/STM32G4xx_HAL_Driver/Inc/Legacy -I../Drivers/BSP/STM32G4xx_Nucleo -I../Drivers/CMSIS/Device/ST/STM32G4xx/Include -I../Drivers/CMSIS/Include -O0 -ffunction-sections -fdata-sections -Wall -fstack-usage -fcyclomatic-complexity -MMD -MP -MF"Drivers/STM32G4xx_HAL_Driver/Src/stm32g4xx_hal_rcc.d" -MT"Drivers/STM32G4xx_HAL_Driver/Src/stm32g4xx_hal_rcc.o" --specs=nano.specs -mfpu=fpv4-sp-d16 -mfloat-abi=hard -mthumb -o "Drivers/STM32G4xx_HAL_Driver/Src/stm32g4xx_hal_rcc.o"
arm-none-eabi-gcc "../Drivers/STM32G4xx_HAL_Driver/Src/stm32g4xx_hal_rcc_ex.c" -mcpu=cortex-m4 -std=gnu11 -g3 -DDEBUG -DUSE_NUCLEO_64 -DUSE_HAL_DRIVER -DSTM32G491xx -c -I../Core/Inc -I../Drivers/STM32G4xx_HAL_Driver/Inc -I../Drivers/STM32G4xx_HAL_Driver/Inc/Legacy -I../Drivers/BSP/STM32G4xx_Nucleo -I../Drivers/CMSIS/Device/ST/STM32G4xx/Include -I../Drivers/CMSIS/Include -O0 -ffunction-sections -fdata-sections -Wall -fstack-usage -fcyclomatic-complexity -MMD -MP -MF"Drivers/STM32G4xx_HAL_Driver/Src/stm32g4xx_hal_rcc_ex.d" -MT"Drivers/STM32G4xx_HAL_Driver/Src/stm32g4xx_hal_rcc_ex.o" --specs=nano.specs -mfpu=fpv4-sp-d16 -mfloat-abi=hard -mthumb -o "Drivers/STM32G4xx_HAL_Driver/Src/stm32g4xx_hal_rcc_ex.o"
arm-none-eabi-gcc "../Drivers/STM32G4xx_HAL_Driver/Src/stm32g4xx_hal_uart.c" -mcpu=cortex-m4 -std=gnu11 -g3 -DDEBUG -DUSE_NUCLEO_64 -DUSE_HAL_DRIVER -DSTM32G491xx -c -I../Core/Inc -I../Drivers/STM32G4xx_HAL_Driver/Inc -I../Drivers/STM32G4xx_HAL_Driver/Inc/Legacy -I../Drivers/BSP/STM32G4xx_Nucleo -I../Drivers/CMSIS/Device/ST/STM32G4xx/Include -I../Drivers/CMSIS/Include -O0 -ffunction-sections -fdata-sections -Wall -fstack-usage -fcyclomatic-complexity -MMD -MP -MF"Drivers/STM32G4xx_HAL_Driver/Src/stm32g4xx_hal_uart.d" -MT"Drivers/STM32G4xx_HAL_Driver/Src/stm32g4xx_hal_uart.o" --specs=nano.specs -mfpu=fpv4-sp-d16 -mfloat-abi=hard -mthumb -o "Drivers/STM32G4xx_HAL_Driver/Src/stm32g4xx_hal_uart.o"
arm-none-eabi-gcc "../Drivers/STM32G4xx_HAL_Driver/Src/stm32g4xx_hal_uart_ex.c" -mcpu=cortex-m4 -std=gnu11 -g3 -DDEBUG -DUSE_NUCLEO_64 -DUSE_HAL_DRIVER -DSTM32G491xx -c -I../Core/Inc -I../Drivers/STM32G4xx_HAL_Driver/Inc -I../Drivers/STM32G4xx_HAL_Driver/Inc/Legacy -I../Drivers/BSP/STM32G4xx_Nucleo -I../Drivers/CMSIS/Device/ST/STM32G4xx/Include -I../Drivers/CMSIS/Include -O0 -ffunction-sections -fdata-sections -Wall -fstack-usage -fcyclomatic-complexity -MMD -MP -MF"Drivers/STM32G4xx_HAL_Driver/Src/stm32g4xx_hal_uart_ex.d" -MT"Drivers/STM32G4xx_HAL_Driver/Src/stm32g4xx_hal_uart_ex.o" --specs=nano.specs -mfpu=fpv4-sp-d16 -mfloat-abi=hard -mthumb -o "Drivers/STM32G4xx_HAL_Driver/Src/stm32g4xx_hal_uart_ex.o"
arm-none-eabi-gcc "../Drivers/STM32G4xx_HAL_Driver/Src/stm32g4xx_hal_usart.c" -mcpu=cortex-m4 -std=gnu11 -g3 -DDEBUG -DUSE_NUCLEO_64 -DUSE_HAL_DRIVER -DSTM32G491xx -c -I../Core/Inc -I../Drivers/STM32G4xx_HAL_Driver/Inc -I../Drivers/STM32G4xx_HAL_Driver/Inc/Legacy -I../Drivers/BSP/STM32G4xx_Nucleo -I../Drivers/CMSIS/Device/ST/STM32G4xx/Include -I../Drivers/CMSIS/Include -O0 -ffunction-sections -fdata-sections -Wall -fstack-usage -fcyclomatic-complexity -MMD -MP -MF"Drivers/STM32G4xx_HAL_Driver/Src/stm32g4xx_hal_usart.d" -MT"Drivers/STM32G4xx_HAL_Driver/Src/stm32g4xx_hal_usart.o" --specs=nano.specs -mfpu=fpv4-sp-d16 -mfloat-abi=hard -mthumb -o "Drivers/STM32G4xx_HAL_Driver/Src/stm32g4xx_hal_usart.o"
arm-none-eabi-gcc "../Drivers/STM32G4xx_HAL_Driver/Src/stm32g4xx_hal_usart_ex.c" -mcpu=cortex-m4 -std=gnu11 -g3 -DDEBUG -DUSE_NUCLEO_64 -DUSE_HAL_DRIVER -DSTM32G491xx -c -I../Core/Inc -I../Drivers/STM32G4xx_HAL_Driver/Inc -I../Drivers/STM32G4xx_HAL_Driver/Inc/Legacy -I../Drivers/BSP/STM32G4xx_Nucleo -I../Drivers/CMSIS/Device/ST/STM32G4xx/Include -I../Drivers/CMSIS/Include -O0 -ffunction-sections -fdata-sections -Wall -fstack-usage -fcyclomatic-complexity -MMD -MP -MF"Drivers/STM32G4xx_HAL_Driver/Src/stm32g4xx_hal_usart_ex.d" -MT"Drivers/STM32G4xx_HAL_Driver/Src/stm32g4xx_hal_usart_ex.o" --specs=nano.specs -mfpu=fpv4-sp-d16 -mfloat-abi=hard -mthumb -o "Drivers/STM32G4xx_HAL_Driver/Src/stm32g4xx_hal_usart_ex.o"
arm-none-eabi-gcc "../Drivers/BSP/STM32G4xx_Nucleo/stm32g4xx_nucleo.c" -mcpu=cortex-m4 -std=gnu11 -g3 -DDEBUG -DUSE_NUCLEO_64 -DUSE_HAL_DRIVER -DSTM32G491xx -c -I../Core/Inc -I../Drivers/STM32G4xx_HAL_Driver/Inc -I../Drivers/STM32G4xx_HAL_Driver/Inc/Legacy -I../Drivers/BSP/STM32G4xx_Nucleo -I../Drivers/CMSIS/Device/ST/STM32G4xx/Include -I../Drivers/CMSIS/Include -O0 -ffunction-sections -fdata-sections -Wall -fstack-usage -fcyclomatic-complexity -MMD -MP -MF"Drivers/BSP/STM32G4xx_Nucleo/stm32g4xx_nucleo.d" -MT"Drivers/BSP/STM32G4xx_Nucleo/stm32g4xx_nucleo.o" --specs=nano.specs -mfpu=fpv4-sp-d16 -mfloat-abi=hard -mthumb -o "Drivers/BSP/STM32G4xx_Nucleo/stm32g4xx_nucleo.o"
arm-none-eabi-gcc -mcpu=cortex-m4 -g3 -DDEBUG -c -x assembler-with-cpp -MMD -MP -MF"Core/Startup/startup_stm32g491retx.d" -MT"Core/Startup/startup_stm32g491retx.o" --specs=nano.specs -mfpu=fpv4-sp-d16 -mfloat-abi=hard -mthumb -o "Core/Startup/startup_stm32g491retx.o" "../Core/Startup/startup_stm32g491retx.s"
arm-none-eabi-gcc "../Core/Src/main.c" -mcpu=cortex-m4 -std=gnu11 -g3 -DDEBUG -DUSE_NUCLEO_64 -DUSE_HAL_DRIVER -DSTM32G491xx -c -I../Core/Inc -I../Drivers/STM32G4xx_HAL_Driver/Inc -I../Drivers/STM32G4xx_HAL_Driver/Inc/Legacy -I../Drivers/BSP/STM32G4xx_Nucleo -I../Drivers/CMSIS/Device/ST/STM32G4xx/Include -I../Drivers/CMSIS/Include -O0 -ffunction-sections -fdata-sections -Wall -fstack-usage -fcyclomatic-complexity -MMD -MP -MF"Core/Src/main.d" -MT"Core/Src/main.o" --specs=nano.specs -mfpu=fpv4-sp-d16 -mfloat-abi=hard -mthumb -o "Core/Src/main.o"
arm-none-eabi-gcc "../Core/Src/stm32g4xx_hal_msp.c" -mcpu=cortex-m4 -std=gnu11 -g3 -DDEBUG -DUSE_NUCLEO_64 -DUSE_HAL_DRIVER -DSTM32G491xx -c -I../Core/Inc -I../Drivers/STM32G4xx_HAL_Driver/Inc -I../Drivers/STM32G4xx_HAL_Driver/Inc/Legacy -I../Drivers/BSP/STM32G4xx_Nucleo -I../Drivers/CMSIS/Device/ST/STM32G4xx/Include -I../Drivers/CMSIS/Include -O0 -ffunction-sections -fdata-sections -Wall -fstack-usage -fcyclomatic-complexity -MMD -MP -MF"Core/Src/stm32g4xx_hal_msp.d" -MT"Core/Src/stm32g4xx_hal_msp.o" --specs=nano.specs -mfpu=fpv4-sp-d16 -mfloat-abi=hard -mthumb -o "Core/Src/stm32g4xx_hal_msp.o"
arm-none-eabi-gcc "../Core/Src/stm32g4xx_it.c" -mcpu=cortex-m4 -std=gnu11 -g3 -DDEBUG -DUSE_NUCLEO_64 -DUSE_HAL_DRIVER -DSTM32G491xx -c -I../Core/Inc -I../Drivers/STM32G4xx_HAL_Driver/Inc -I../Drivers/STM32G4xx_HAL_Driver/Inc/Legacy -I../Drivers/BSP/STM32G4xx_Nucleo -I../Drivers/CMSIS/Device/ST/STM32G4xx/Include -I../Drivers/CMSIS/Include -O0 -ffunction-sections -fdata-sections -Wall -fstack-usage -fcyclomatic-complexity -MMD -MP -MF"Core/Src/stm32g4xx_it.d" -MT"Core/Src/stm32g4xx_it.o" --specs=nano.specs -mfpu=fpv4-sp-d16 -mfloat-abi=hard -mthumb -o "Core/Src/stm32g4xx_it.o"
arm-none-eabi-gcc "../Core/Src/syscalls.c" -mcpu=cortex-m4 -std=gnu11 -g3 -DDEBUG -DUSE_NUCLEO_64 -DUSE_HAL_DRIVER -DSTM32G491xx -c -I../Core/Inc -I../Drivers/STM32G4xx_HAL_Driver/Inc -I../Drivers/STM32G4xx_HAL_Driver/Inc/Legacy -I../Drivers/BSP/STM32G4xx_Nucleo -I../Drivers/CMSIS/Device/ST/STM32G4xx/Include -I../Drivers/CMSIS/Include -O0 -ffunction-sections -fdata-sections -Wall -fstack-usage -fcyclomatic-complexity -MMD -MP -MF"Core/Src/syscalls.d" -MT"Core/Src/syscalls.o" --specs=nano.specs -mfpu=fpv4-sp-d16 -mfloat-abi=hard -mthumb -o "Core/Src/syscalls.o"
arm-none-eabi-gcc "../Core/Src/sysmem.c" -mcpu=cortex-m4 -std=gnu11 -g3 -DDEBUG -DUSE_NUCLEO_64 -DUSE_HAL_DRIVER -DSTM32G491xx -c -I../Core/Inc -I../Drivers/STM32G4xx_HAL_Driver/Inc -I../Drivers/STM32G4xx_HAL_Driver/Inc/Legacy -I../Drivers/BSP/STM32G4xx_Nucleo -I../Drivers/CMSIS/Device/ST/STM32G4xx/Include -I../Drivers/CMSIS/Include -O0 -ffunction-sections -fdata-sections -Wall -fstack-usage -fcyclomatic-complexity -MMD -MP -MF"Core/Src/sysmem.d" -MT"Core/Src/sysmem.o" --specs=nano.specs -mfpu=fpv4-sp-d16 -mfloat-abi=hard -mthumb -o "Core/Src/sysmem.o"
arm-none-eabi-gcc "../Core/Src/system_stm32g4xx.c" -mcpu=cortex-m4 -std=gnu11 -g3 -DDEBUG -DUSE_NUCLEO_64 -DUSE_HAL_DRIVER -DSTM32G491xx -c -I../Core/Inc -I../Drivers/STM32G4xx_HAL_Driver/Inc -I../Drivers/STM32G4xx_HAL_Driver/Inc/Legacy -I../Drivers/BSP/STM32G4xx_Nucleo -I../Drivers/CMSIS/Device/ST/STM32G4xx/Include -I../Drivers/CMSIS/Include -O0 -ffunction-sections -fdata-sections -Wall -fstack-usage -fcyclomatic-complexity -MMD -MP -MF"Core/Src/system_stm32g4xx.d" -MT"Core/Src/system_stm32g4xx.o" --specs=nano.specs -mfpu=fpv4-sp-d16 -mfloat-abi=hard -mthumb -o "Core/Src/system_stm32g4xx.o"
arm-none-eabi-gcc -o "cubemx_ledgreen.elf" @"objects.list"   -mcpu=cortex-m4 -T"C:\Users\Peter\Desktop\stm32_workspace\cubemx_ledgreen\STM32G491RETX_FLASH.ld" --specs=nosys.specs -Wl,-Map="cubemx_ledgreen.map" -Wl,--gc-sections -static --specs=nano.specs -mfpu=fpv4-sp-d16 -mfloat-abi=hard -mthumb -Wl,--start-group -lc -lm -Wl,--end-group
Finished building target: cubemx_ledgreen.elf
 
arm-none-eabi-size  cubemx_ledgreen.elf 
arm-none-eabi-objdump -h -S cubemx_ledgreen.elf  > "cubemx_ledgreen.list"
   text	   data	    bss	    dec	    hex	filename
  10564	     32	   1744	  12340	   3034	cubemx_ledgreen.elf
Finished building: default.size.stdout
 
Finished building: cubemx_ledgreen.list
 
17:06:44 **** Incremental Build of configuration Debug for project cubemx_ledgreen ****
make -j16 all 
arm-none-eabi-size  cubemx_ledgreen.elf 
   text	   data	    bss	    dec	    hex	filename
  10564	     32	   1744	  12340	   3034	cubemx_ledgreen.elf
Finished building: default.size.stdout
 
17:07:00 **** Incremental Build of configuration Debug for project cubemx_ledgreen ****
make -j16 all 
arm-none-eabi-size  cubemx_ledgreen.elf 
   text	   data	    bss	    dec	    hex	filename
  10564	     32	   1744	  12340	   3034	cubemx_ledgreen.elf
Finished building: default.size.stdout
 
17:22:52 **** Incremental Build of configuration Debug for project cubemx_blink ****
make -j16 all 
arm-none-eabi-size  cubemx_blink.elf 
   text	   data	    bss	    dec	    hex	filename
   1104	      4	   1580	   2688	    a80	cubemx_blink.elf
Finished building: default.size.stdout
 
17:42:59 **** Build of configuration Debug for project cubemx_blink ****
make -j16 all 
arm-none-eabi-gcc "../Core/Src/main.c" -mcpu=cortex-m4 -std=gnu11 -g3 -DDEBUG -DUSE_NUCLEO_64 -DUSE_HAL_DRIVER -DSTM32G491xx -c -I../Core/Inc -I../Drivers/STM32G4xx_HAL_Driver/Inc -I../Drivers/STM32G4xx_HAL_Driver/Inc/Legacy -I../Drivers/BSP/STM32G4xx_Nucleo -I../Drivers/CMSIS/Device/ST/STM32G4xx/Include -I../Drivers/CMSIS/Include -O0 -ffunction-sections -fdata-sections -Wall -fstack-usage -fcyclomatic-complexity -MMD -MP -MF"Core/Src/main.d" -MT"Core/Src/main.o" --specs=nano.specs -mfpu=fpv4-sp-d16 -mfloat-abi=hard -mthumb -o "Core/Src/main.o"
In file included from ../Drivers/CMSIS/Device/ST/STM32G4xx/Include/stm32g4xx.h:125,
                 from ../Drivers/STM32G4xx_HAL_Driver/Inc/stm32g4xx_hal_def.h:29,
                 from ../Drivers/STM32G4xx_HAL_Driver/Inc/stm32g4xx_hal_rcc.h:27,
                 from ../Core/Inc/stm32g4xx_hal_conf.h:212,
                 from ../Drivers/STM32G4xx_HAL_Driver/Inc/stm32g4xx_hal.h:29,
                 from ../Core/Inc/main.h:30,
                 from ../Core/Src/main.c:31:
../Drivers/CMSIS/Device/ST/STM32G4xx/Include/stm32g491xx.h:1059:9: warning: "RCC_BASE" redefined
 1059 | #define RCC_BASE              (AHB1PERIPH_BASE + 0x1000UL)
      |         ^~~~~~~~
../Core/Src/main.c:25:9: note: this is the location of the previous definition
   25 | #define RCC_BASE (0x40021000U)
      |         ^~~~~~~~
arm-none-eabi-gcc -o "cubemx_blink.elf" @"objects.list"   -mcpu=cortex-m4 -T"C:\Users\Peter\Desktop\stm32_workspace\cubemx_blink\STM32G491RETX_FLASH.ld" --specs=nosys.specs -Wl,-Map="cubemx_blink.map" -Wl,--gc-sections -static --specs=nano.specs -mfpu=fpv4-sp-d16 -mfloat-abi=hard -mthumb -Wl,--start-group -lc -lm -Wl,--end-group
Finished building target: cubemx_blink.elf
 
arm-none-eabi-size  cubemx_blink.elf 
arm-none-eabi-objdump -h -S cubemx_blink.elf  > "cubemx_blink.list"
   text	   data	    bss	    dec	    hex	filename
   1104	      4	   1580	   2688	    a80	cubemx_blink.elf
Finished building: default.size.stdout
 
Finished building: cubemx_blink.list
 
17:43:27 **** Incremental Build of configuration Debug for project cubemx_blink ****
make -j16 all 
arm-none-eabi-size  cubemx_blink.elf 
   text	   data	    bss	    dec	    hex	filename
   1104	      4	   1580	   2688	    a80	cubemx_blink.elf
Finished building: default.size.stdout
 
17:47:18 **** Incremental Build of configuration Debug for project cubemx_blink ****
make -j16 all 
arm-none-eabi-gcc "../Core/Src/main.c" -mcpu=cortex-m4 -std=gnu11 -g3 -DDEBUG -DUSE_NUCLEO_64 -DUSE_HAL_DRIVER -DSTM32G491xx -c -I../Core/Inc -I../Drivers/STM32G4xx_HAL_Driver/Inc -I../Drivers/STM32G4xx_HAL_Driver/Inc/Legacy -I../Drivers/BSP/STM32G4xx_Nucleo -I../Drivers/CMSIS/Device/ST/STM32G4xx/Include -I../Drivers/CMSIS/Include -O0 -ffunction-sections -fdata-sections -Wall -fstack-usage -fcyclomatic-complexity -MMD -MP -MF"Core/Src/main.d" -MT"Core/Src/main.o" --specs=nano.specs -mfpu=fpv4-sp-d16 -mfloat-abi=hard -mthumb -o "Core/Src/main.o"
In file included from ../Drivers/CMSIS/Device/ST/STM32G4xx/Include/stm32g4xx.h:125,
                 from ../Drivers/STM32G4xx_HAL_Driver/Inc/stm32g4xx_hal_def.h:29,
                 from ../Drivers/STM32G4xx_HAL_Driver/Inc/stm32g4xx_hal_rcc.h:27,
                 from ../Core/Inc/stm32g4xx_hal_conf.h:212,
                 from ../Drivers/STM32G4xx_HAL_Driver/Inc/stm32g4xx_hal.h:29,
                 from ../Core/Inc/main.h:30,
                 from ../Core/Src/main.c:31:
../Drivers/CMSIS/Device/ST/STM32G4xx/Include/stm32g491xx.h:1059:9: warning: "RCC_BASE" redefined
 1059 | #define RCC_BASE              (AHB1PERIPH_BASE + 0x1000UL)
      |         ^~~~~~~~
../Core/Src/main.c:25:9: note: this is the location of the previous definition
   25 | #define RCC_BASE (0x40021000U)
      |         ^~~~~~~~
arm-none-eabi-gcc -o "cubemx_blink.elf" @"objects.list"   -mcpu=cortex-m4 -T"C:\Users\Peter\Desktop\stm32_workspace\cubemx_blink\STM32G491RETX_FLASH.ld" --specs=nosys.specs -Wl,-Map="cubemx_blink.map" -Wl,--gc-sections -static --specs=nano.specs -mfpu=fpv4-sp-d16 -mfloat-abi=hard -mthumb -Wl,--start-group -lc -lm -Wl,--end-group
Finished building target: cubemx_blink.elf
 
arm-none-eabi-size  cubemx_blink.elf 
arm-none-eabi-objdump -h -S cubemx_blink.elf  > "cubemx_blink.list"
   text	   data	    bss	    dec	    hex	filename
   1108	      4	   1580	   2692	    a84	cubemx_blink.elf
Finished building: default.size.stdout
 
Finished building: cubemx_blink.list
 
17:47:35 **** Incremental Build of configuration Debug for project cubemx_blink ****
make -j16 all 
arm-none-eabi-size  cubemx_blink.elf 
   text	   data	    bss	    dec	    hex	filename
   1108	      4	   1580	   2692	    a84	cubemx_blink.elf
Finished building: default.size.stdout
 
17:49:06 **** Incremental Build of configuration Debug for project cubemx_blink ****
make -j16 all 
arm-none-eabi-gcc "../Core/Src/main.c" -mcpu=cortex-m4 -std=gnu11 -g3 -DDEBUG -DUSE_NUCLEO_64 -DUSE_HAL_DRIVER -DSTM32G491xx -c -I../Core/Inc -I../Drivers/STM32G4xx_HAL_Driver/Inc -I../Drivers/STM32G4xx_HAL_Driver/Inc/Legacy -I../Drivers/BSP/STM32G4xx_Nucleo -I../Drivers/CMSIS/Device/ST/STM32G4xx/Include -I../Drivers/CMSIS/Include -O0 -ffunction-sections -fdata-sections -Wall -fstack-usage -fcyclomatic-complexity -MMD -MP -MF"Core/Src/main.d" -MT"Core/Src/main.o" --specs=nano.specs -mfpu=fpv4-sp-d16 -mfloat-abi=hard -mthumb -o "Core/Src/main.o"
In file included from ../Drivers/CMSIS/Device/ST/STM32G4xx/Include/stm32g4xx.h:125,
                 from ../Drivers/STM32G4xx_HAL_Driver/Inc/stm32g4xx_hal_def.h:29,
                 from ../Drivers/STM32G4xx_HAL_Driver/Inc/stm32g4xx_hal_rcc.h:27,
                 from ../Core/Inc/stm32g4xx_hal_conf.h:212,
                 from ../Drivers/STM32G4xx_HAL_Driver/Inc/stm32g4xx_hal.h:29,
                 from ../Core/Inc/main.h:30,
                 from ../Core/Src/main.c:31:
../Drivers/CMSIS/Device/ST/STM32G4xx/Include/stm32g491xx.h:1059:9: warning: "RCC_BASE" redefined
 1059 | #define RCC_BASE              (AHB1PERIPH_BASE + 0x1000UL)
      |         ^~~~~~~~
../Core/Src/main.c:25:9: note: this is the location of the previous definition
   25 | #define RCC_BASE (0x40021000U)
      |         ^~~~~~~~
arm-none-eabi-gcc -o "cubemx_blink.elf" @"objects.list"   -mcpu=cortex-m4 -T"C:\Users\Peter\Desktop\stm32_workspace\cubemx_blink\STM32G491RETX_FLASH.ld" --specs=nosys.specs -Wl,-Map="cubemx_blink.map" -Wl,--gc-sections -static --specs=nano.specs -mfpu=fpv4-sp-d16 -mfloat-abi=hard -mthumb -Wl,--start-group -lc -lm -Wl,--end-group
Finished building target: cubemx_blink.elf
 
arm-none-eabi-size  cubemx_blink.elf 
arm-none-eabi-objdump -h -S cubemx_blink.elf  > "cubemx_blink.list"
   text	   data	    bss	    dec	    hex	filename
   1120	      4	   1580	   2704	    a90	cubemx_blink.elf
Finished building: default.size.stdout
 
Finished building: cubemx_blink.list
 
17:52:08 **** Incremental Build of configuration Debug for project cubemx_blink ****
make -j16 all 
arm-none-eabi-gcc "../Core/Src/main.c" -mcpu=cortex-m4 -std=gnu11 -g3 -DDEBUG -DUSE_NUCLEO_64 -DUSE_HAL_DRIVER -DSTM32G491xx -c -I../Core/Inc -I../Drivers/STM32G4xx_HAL_Driver/Inc -I../Drivers/STM32G4xx_HAL_Driver/Inc/Legacy -I../Drivers/BSP/STM32G4xx_Nucleo -I../Drivers/CMSIS/Device/ST/STM32G4xx/Include -I../Drivers/CMSIS/Include -O0 -ffunction-sections -fdata-sections -Wall -fstack-usage -fcyclomatic-complexity -MMD -MP -MF"Core/Src/main.d" -MT"Core/Src/main.o" --specs=nano.specs -mfpu=fpv4-sp-d16 -mfloat-abi=hard -mthumb -o "Core/Src/main.o"
In file included from ../Drivers/CMSIS/Device/ST/STM32G4xx/Include/stm32g4xx.h:125,
                 from ../Drivers/STM32G4xx_HAL_Driver/Inc/stm32g4xx_hal_def.h:29,
                 from ../Drivers/STM32G4xx_HAL_Driver/Inc/stm32g4xx_hal_rcc.h:27,
                 from ../Core/Inc/stm32g4xx_hal_conf.h:212,
                 from ../Drivers/STM32G4xx_HAL_Driver/Inc/stm32g4xx_hal.h:29,
                 from ../Core/Inc/main.h:30,
                 from ../Core/Src/main.c:31:
../Drivers/CMSIS/Device/ST/STM32G4xx/Include/stm32g491xx.h:1059:9: warning: "RCC_BASE" redefined
 1059 | #define RCC_BASE              (AHB1PERIPH_BASE + 0x1000UL)
      |         ^~~~~~~~
../Core/Src/main.c:25:9: note: this is the location of the previous definition
   25 | #define RCC_BASE (0x40021000U)
      |         ^~~~~~~~
arm-none-eabi-gcc -o "cubemx_blink.elf" @"objects.list"   -mcpu=cortex-m4 -T"C:\Users\Peter\Desktop\stm32_workspace\cubemx_blink\STM32G491RETX_FLASH.ld" --specs=nosys.specs -Wl,-Map="cubemx_blink.map" -Wl,--gc-sections -static --specs=nano.specs -mfpu=fpv4-sp-d16 -mfloat-abi=hard -mthumb -Wl,--start-group -lc -lm -Wl,--end-group
Finished building target: cubemx_blink.elf
 
arm-none-eabi-size  cubemx_blink.elf 
arm-none-eabi-objdump -h -S cubemx_blink.elf  > "cubemx_blink.list"
   text	   data	    bss	    dec	    hex	filename
   1120	      4	   1580	   2704	    a90	cubemx_blink.elf
Finished building: default.size.stdout
 
Finished building: cubemx_blink.list
 
18:18:28 **** Incremental Build of configuration Debug for project cubemx_blink ****
make -j16 all 
arm-none-eabi-gcc "../Core/Src/main.c" -mcpu=cortex-m4 -std=gnu11 -g3 -DDEBUG -DUSE_NUCLEO_64 -DUSE_HAL_DRIVER -DSTM32G491xx -c -I../Core/Inc -I../Drivers/STM32G4xx_HAL_Driver/Inc -I../Drivers/STM32G4xx_HAL_Driver/Inc/Legacy -I../Drivers/BSP/STM32G4xx_Nucleo -I../Drivers/CMSIS/Device/ST/STM32G4xx/Include -I../Drivers/CMSIS/Include -O0 -ffunction-sections -fdata-sections -Wall -fstack-usage -fcyclomatic-complexity -MMD -MP -MF"Core/Src/main.d" -MT"Core/Src/main.o" --specs=nano.specs -mfpu=fpv4-sp-d16 -mfloat-abi=hard -mthumb -o "Core/Src/main.o"
In file included from ../Drivers/CMSIS/Device/ST/STM32G4xx/Include/stm32g4xx.h:125,
                 from ../Drivers/STM32G4xx_HAL_Driver/Inc/stm32g4xx_hal_def.h:29,
                 from ../Drivers/STM32G4xx_HAL_Driver/Inc/stm32g4xx_hal_rcc.h:27,
                 from ../Core/Inc/stm32g4xx_hal_conf.h:212,
                 from ../Drivers/STM32G4xx_HAL_Driver/Inc/stm32g4xx_hal.h:29,
                 from ../Core/Inc/main.h:30,
                 from ../Core/Src/main.c:31:
../Drivers/CMSIS/Device/ST/STM32G4xx/Include/stm32g491xx.h:1059:9: warning: "RCC_BASE" redefined
 1059 | #define RCC_BASE              (AHB1PERIPH_BASE + 0x1000UL)
      |         ^~~~~~~~
../Core/Src/main.c:25:9: note: this is the location of the previous definition
   25 | #define RCC_BASE (0x40021000U)
      |         ^~~~~~~~
arm-none-eabi-gcc -o "cubemx_blink.elf" @"objects.list"   -mcpu=cortex-m4 -T"C:\Users\Peter\Desktop\stm32_workspace\cubemx_blink\STM32G491RETX_FLASH.ld" --specs=nosys.specs -Wl,-Map="cubemx_blink.map" -Wl,--gc-sections -static --specs=nano.specs -mfpu=fpv4-sp-d16 -mfloat-abi=hard -mthumb -Wl,--start-group -lc -lm -Wl,--end-group
Finished building target: cubemx_blink.elf
 
arm-none-eabi-size  cubemx_blink.elf 
arm-none-eabi-objdump -h -S cubemx_blink.elf  > "cubemx_blink.list"
   text	   data	    bss	    dec	    hex	filename
   1176	      4	   1580	   2760	    ac8	cubemx_blink.elf
Finished building: default.size.stdout
 
Finished building: cubemx_blink.list
 
18:23:53 **** Incremental Build of configuration Debug for project cubemx_blink ****
make -j16 all 
arm-none-eabi-gcc "../Core/Src/main.c" -mcpu=cortex-m4 -std=gnu11 -g3 -DDEBUG -DUSE_NUCLEO_64 -DUSE_HAL_DRIVER -DSTM32G491xx -c -I../Core/Inc -I../Drivers/STM32G4xx_HAL_Driver/Inc -I../Drivers/STM32G4xx_HAL_Driver/Inc/Legacy -I../Drivers/BSP/STM32G4xx_Nucleo -I../Drivers/CMSIS/Device/ST/STM32G4xx/Include -I../Drivers/CMSIS/Include -O0 -ffunction-sections -fdata-sections -Wall -fstack-usage -fcyclomatic-complexity -MMD -MP -MF"Core/Src/main.d" -MT"Core/Src/main.o" --specs=nano.specs -mfpu=fpv4-sp-d16 -mfloat-abi=hard -mthumb -o "Core/Src/main.o"
In file included from ../Drivers/CMSIS/Device/ST/STM32G4xx/Include/stm32g4xx.h:125,
                 from ../Drivers/STM32G4xx_HAL_Driver/Inc/stm32g4xx_hal_def.h:29,
                 from ../Drivers/STM32G4xx_HAL_Driver/Inc/stm32g4xx_hal_rcc.h:27,
                 from ../Core/Inc/stm32g4xx_hal_conf.h:212,
                 from ../Drivers/STM32G4xx_HAL_Driver/Inc/stm32g4xx_hal.h:29,
                 from ../Core/Inc/main.h:30,
                 from ../Core/Src/main.c:31:
../Drivers/CMSIS/Device/ST/STM32G4xx/Include/stm32g491xx.h:1059:9: warning: "RCC_BASE" redefined
 1059 | #define RCC_BASE              (AHB1PERIPH_BASE + 0x1000UL)
      |         ^~~~~~~~
../Core/Src/main.c:25:9: note: this is the location of the previous definition
   25 | #define RCC_BASE (0x40021000U)
      |         ^~~~~~~~
../Core/Src/main.c: In function 'main':
../Core/Src/main.c:117:17: error: implicit declaration of function 'delay' [-Wimplicit-function-declaration]
  117 |                 delay(1000);
      |                 ^~~~~
make: *** [Core/Src/subdir.mk:34: Core/Src/main.o] Error 1
"make -j16 all" terminated with exit code 2. Build might be incomplete.
18:25:31 **** Incremental Build of configuration Debug for project cubemx_blink ****
make -j16 all 
arm-none-eabi-gcc "../Core/Src/main.c" -mcpu=cortex-m4 -std=gnu11 -g3 -DDEBUG -DUSE_NUCLEO_64 -DUSE_HAL_DRIVER -DSTM32G491xx -c -I../Core/Inc -I../Drivers/STM32G4xx_HAL_Driver/Inc -I../Drivers/STM32G4xx_HAL_Driver/Inc/Legacy -I../Drivers/BSP/STM32G4xx_Nucleo -I../Drivers/CMSIS/Device/ST/STM32G4xx/Include -I../Drivers/CMSIS/Include -O0 -ffunction-sections -fdata-sections -Wall -fstack-usage -fcyclomatic-complexity -MMD -MP -MF"Core/Src/main.d" -MT"Core/Src/main.o" --specs=nano.specs -mfpu=fpv4-sp-d16 -mfloat-abi=hard -mthumb -o "Core/Src/main.o"
In file included from ../Drivers/CMSIS/Device/ST/STM32G4xx/Include/stm32g4xx.h:125,
                 from ../Drivers/STM32G4xx_HAL_Driver/Inc/stm32g4xx_hal_def.h:29,
                 from ../Drivers/STM32G4xx_HAL_Driver/Inc/stm32g4xx_hal_rcc.h:27,
                 from ../Core/Inc/stm32g4xx_hal_conf.h:212,
                 from ../Drivers/STM32G4xx_HAL_Driver/Inc/stm32g4xx_hal.h:29,
                 from ../Core/Inc/main.h:30,
                 from ../Core/Src/main.c:31:
../Drivers/CMSIS/Device/ST/STM32G4xx/Include/stm32g491xx.h:1059:9: warning: "RCC_BASE" redefined
 1059 | #define RCC_BASE              (AHB1PERIPH_BASE + 0x1000UL)
      |         ^~~~~~~~
../Core/Src/main.c:25:9: note: this is the location of the previous definition
   25 | #define RCC_BASE (0x40021000U)
      |         ^~~~~~~~
arm-none-eabi-gcc -o "cubemx_blink.elf" @"objects.list"   -mcpu=cortex-m4 -T"C:\Users\Peter\Desktop\stm32_workspace\cubemx_blink\STM32G491RETX_FLASH.ld" --specs=nosys.specs -Wl,-Map="cubemx_blink.map" -Wl,--gc-sections -static --specs=nano.specs -mfpu=fpv4-sp-d16 -mfloat-abi=hard -mthumb -Wl,--start-group -lc -lm -Wl,--end-group
Finished building target: cubemx_blink.elf
 
arm-none-eabi-size  cubemx_blink.elf 
arm-none-eabi-objdump -h -S cubemx_blink.elf  > "cubemx_blink.list"
   text	   data	    bss	    dec	    hex	filename
   1216	      4	   1580	   2800	    af0	cubemx_blink.elf
Finished building: default.size.stdout
 
Finished building: cubemx_blink.list
 
18:25:36 **** Incremental Build of configuration Debug for project cubemx_blink ****
make -j16 all 
arm-none-eabi-size  cubemx_blink.elf 
   text	   data	    bss	    dec	    hex	filename
   1216	      4	   1580	   2800	    af0	cubemx_blink.elf
Finished building: default.size.stdout
 
18:26:03 **** Incremental Build of configuration Debug for project cubemx_blink ****
make -j16 all 
arm-none-eabi-gcc "../Core/Src/main.c" -mcpu=cortex-m4 -std=gnu11 -g3 -DDEBUG -DUSE_NUCLEO_64 -DUSE_HAL_DRIVER -DSTM32G491xx -c -I../Core/Inc -I../Drivers/STM32G4xx_HAL_Driver/Inc -I../Drivers/STM32G4xx_HAL_Driver/Inc/Legacy -I../Drivers/BSP/STM32G4xx_Nucleo -I../Drivers/CMSIS/Device/ST/STM32G4xx/Include -I../Drivers/CMSIS/Include -O0 -ffunction-sections -fdata-sections -Wall -fstack-usage -fcyclomatic-complexity -MMD -MP -MF"Core/Src/main.d" -MT"Core/Src/main.o" --specs=nano.specs -mfpu=fpv4-sp-d16 -mfloat-abi=hard -mthumb -o "Core/Src/main.o"
In file included from ../Drivers/CMSIS/Device/ST/STM32G4xx/Include/stm32g4xx.h:125,
                 from ../Drivers/STM32G4xx_HAL_Driver/Inc/stm32g4xx_hal_def.h:29,
                 from ../Drivers/STM32G4xx_HAL_Driver/Inc/stm32g4xx_hal_rcc.h:27,
                 from ../Core/Inc/stm32g4xx_hal_conf.h:212,
                 from ../Drivers/STM32G4xx_HAL_Driver/Inc/stm32g4xx_hal.h:29,
                 from ../Core/Inc/main.h:30,
                 from ../Core/Src/main.c:31:
../Drivers/CMSIS/Device/ST/STM32G4xx/Include/stm32g491xx.h:1059:9: warning: "RCC_BASE" redefined
 1059 | #define RCC_BASE              (AHB1PERIPH_BASE + 0x1000UL)
      |         ^~~~~~~~
../Core/Src/main.c:25:9: note: this is the location of the previous definition
   25 | #define RCC_BASE (0x40021000U)
      |         ^~~~~~~~
arm-none-eabi-gcc -o "cubemx_blink.elf" @"objects.list"   -mcpu=cortex-m4 -T"C:\Users\Peter\Desktop\stm32_workspace\cubemx_blink\STM32G491RETX_FLASH.ld" --specs=nosys.specs -Wl,-Map="cubemx_blink.map" -Wl,--gc-sections -static --specs=nano.specs -mfpu=fpv4-sp-d16 -mfloat-abi=hard -mthumb -Wl,--start-group -lc -lm -Wl,--end-group
Finished building target: cubemx_blink.elf
 
arm-none-eabi-size  cubemx_blink.elf 
arm-none-eabi-objdump -h -S cubemx_blink.elf  > "cubemx_blink.list"
   text	   data	    bss	    dec	    hex	filename
   1216	      4	   1580	   2800	    af0	cubemx_blink.elf
Finished building: default.size.stdout
 
Finished building: cubemx_blink.list
 
18:26:38 **** Incremental Build of configuration Debug for project cubemx_blink ****
make -j16 all 
arm-none-eabi-gcc "../Core/Src/main.c" -mcpu=cortex-m4 -std=gnu11 -g3 -DDEBUG -DUSE_NUCLEO_64 -DUSE_HAL_DRIVER -DSTM32G491xx -c -I../Core/Inc -I../Drivers/STM32G4xx_HAL_Driver/Inc -I../Drivers/STM32G4xx_HAL_Driver/Inc/Legacy -I../Drivers/BSP/STM32G4xx_Nucleo -I../Drivers/CMSIS/Device/ST/STM32G4xx/Include -I../Drivers/CMSIS/Include -O0 -ffunction-sections -fdata-sections -Wall -fstack-usage -fcyclomatic-complexity -MMD -MP -MF"Core/Src/main.d" -MT"Core/Src/main.o" --specs=nano.specs -mfpu=fpv4-sp-d16 -mfloat-abi=hard -mthumb -o "Core/Src/main.o"
In file included from ../Drivers/CMSIS/Device/ST/STM32G4xx/Include/stm32g4xx.h:125,
                 from ../Drivers/STM32G4xx_HAL_Driver/Inc/stm32g4xx_hal_def.h:29,
                 from ../Drivers/STM32G4xx_HAL_Driver/Inc/stm32g4xx_hal_rcc.h:27,
                 from ../Core/Inc/stm32g4xx_hal_conf.h:212,
                 from ../Drivers/STM32G4xx_HAL_Driver/Inc/stm32g4xx_hal.h:29,
                 from ../Core/Inc/main.h:30,
                 from ../Core/Src/main.c:31:
../Drivers/CMSIS/Device/ST/STM32G4xx/Include/stm32g491xx.h:1059:9: warning: "RCC_BASE" redefined
 1059 | #define RCC_BASE              (AHB1PERIPH_BASE + 0x1000UL)
      |         ^~~~~~~~
../Core/Src/main.c:25:9: note: this is the location of the previous definition
   25 | #define RCC_BASE (0x40021000U)
      |         ^~~~~~~~
arm-none-eabi-gcc -o "cubemx_blink.elf" @"objects.list"   -mcpu=cortex-m4 -T"C:\Users\Peter\Desktop\stm32_workspace\cubemx_blink\STM32G491RETX_FLASH.ld" --specs=nosys.specs -Wl,-Map="cubemx_blink.map" -Wl,--gc-sections -static --specs=nano.specs -mfpu=fpv4-sp-d16 -mfloat-abi=hard -mthumb -Wl,--start-group -lc -lm -Wl,--end-group
Finished building target: cubemx_blink.elf
 
arm-none-eabi-size  cubemx_blink.elf 
arm-none-eabi-objdump -h -S cubemx_blink.elf  > "cubemx_blink.list"
   text	   data	    bss	    dec	    hex	filename
   1216	      4	   1580	   2800	    af0	cubemx_blink.elf
Finished building: default.size.stdout
 
Finished building: cubemx_blink.list
 
18:27:21 **** Incremental Build of configuration Debug for project cubemx_blink ****
make -j16 all 
arm-none-eabi-gcc "../Core/Src/main.c" -mcpu=cortex-m4 -std=gnu11 -g3 -DDEBUG -DUSE_NUCLEO_64 -DUSE_HAL_DRIVER -DSTM32G491xx -c -I../Core/Inc -I../Drivers/STM32G4xx_HAL_Driver/Inc -I../Drivers/STM32G4xx_HAL_Driver/Inc/Legacy -I../Drivers/BSP/STM32G4xx_Nucleo -I../Drivers/CMSIS/Device/ST/STM32G4xx/Include -I../Drivers/CMSIS/Include -O0 -ffunction-sections -fdata-sections -Wall -fstack-usage -fcyclomatic-complexity -MMD -MP -MF"Core/Src/main.d" -MT"Core/Src/main.o" --specs=nano.specs -mfpu=fpv4-sp-d16 -mfloat-abi=hard -mthumb -o "Core/Src/main.o"
In file included from ../Drivers/CMSIS/Device/ST/STM32G4xx/Include/stm32g4xx.h:125,
                 from ../Drivers/STM32G4xx_HAL_Driver/Inc/stm32g4xx_hal_def.h:29,
                 from ../Drivers/STM32G4xx_HAL_Driver/Inc/stm32g4xx_hal_rcc.h:27,
                 from ../Core/Inc/stm32g4xx_hal_conf.h:212,
                 from ../Drivers/STM32G4xx_HAL_Driver/Inc/stm32g4xx_hal.h:29,
                 from ../Core/Inc/main.h:30,
                 from ../Core/Src/main.c:31:
../Drivers/CMSIS/Device/ST/STM32G4xx/Include/stm32g491xx.h:1059:9: warning: "RCC_BASE" redefined
 1059 | #define RCC_BASE              (AHB1PERIPH_BASE + 0x1000UL)
      |         ^~~~~~~~
../Core/Src/main.c:25:9: note: this is the location of the previous definition
   25 | #define RCC_BASE (0x40021000U)
      |         ^~~~~~~~
../Core/Src/main.c: In function 'main':
../Core/Src/main.c:126:36: warning: suggest parentheses around '-' inside '<<' [-Wparentheses]
  126 |                 *GPIOA5_ODR |= (1U << 32 - 5);
      |                                    ^~
arm-none-eabi-gcc -o "cubemx_blink.elf" @"objects.list"   -mcpu=cortex-m4 -T"C:\Users\Peter\Desktop\stm32_workspace\cubemx_blink\STM32G491RETX_FLASH.ld" --specs=nosys.specs -Wl,-Map="cubemx_blink.map" -Wl,--gc-sections -static --specs=nano.specs -mfpu=fpv4-sp-d16 -mfloat-abi=hard -mthumb -Wl,--start-group -lc -lm -Wl,--end-group
Finished building target: cubemx_blink.elf
 
arm-none-eabi-size  cubemx_blink.elf 
arm-none-eabi-objdump -h -S cubemx_blink.elf  > "cubemx_blink.list"
   text	   data	    bss	    dec	    hex	filename
   1216	      4	   1580	   2800	    af0	cubemx_blink.elf
Finished building: default.size.stdout
 
Finished building: cubemx_blink.list
 
18:27:38 **** Incremental Build of configuration Debug for project cubemx_blink ****
make -j16 all 
arm-none-eabi-gcc "../Core/Src/main.c" -mcpu=cortex-m4 -std=gnu11 -g3 -DDEBUG -DUSE_NUCLEO_64 -DUSE_HAL_DRIVER -DSTM32G491xx -c -I../Core/Inc -I../Drivers/STM32G4xx_HAL_Driver/Inc -I../Drivers/STM32G4xx_HAL_Driver/Inc/Legacy -I../Drivers/BSP/STM32G4xx_Nucleo -I../Drivers/CMSIS/Device/ST/STM32G4xx/Include -I../Drivers/CMSIS/Include -O0 -ffunction-sections -fdata-sections -Wall -fstack-usage -fcyclomatic-complexity -MMD -MP -MF"Core/Src/main.d" -MT"Core/Src/main.o" --specs=nano.specs -mfpu=fpv4-sp-d16 -mfloat-abi=hard -mthumb -o "Core/Src/main.o"
In file included from ../Drivers/CMSIS/Device/ST/STM32G4xx/Include/stm32g4xx.h:125,
                 from ../Drivers/STM32G4xx_HAL_Driver/Inc/stm32g4xx_hal_def.h:29,
                 from ../Drivers/STM32G4xx_HAL_Driver/Inc/stm32g4xx_hal_rcc.h:27,
                 from ../Core/Inc/stm32g4xx_hal_conf.h:212,
                 from ../Drivers/STM32G4xx_HAL_Driver/Inc/stm32g4xx_hal.h:29,
                 from ../Core/Inc/main.h:30,
                 from ../Core/Src/main.c:31:
../Drivers/CMSIS/Device/ST/STM32G4xx/Include/stm32g491xx.h:1059:9: warning: "RCC_BASE" redefined
 1059 | #define RCC_BASE              (AHB1PERIPH_BASE + 0x1000UL)
      |         ^~~~~~~~
../Core/Src/main.c:25:9: note: this is the location of the previous definition
   25 | #define RCC_BASE (0x40021000U)
      |         ^~~~~~~~
arm-none-eabi-gcc -o "cubemx_blink.elf" @"objects.list"   -mcpu=cortex-m4 -T"C:\Users\Peter\Desktop\stm32_workspace\cubemx_blink\STM32G491RETX_FLASH.ld" --specs=nosys.specs -Wl,-Map="cubemx_blink.map" -Wl,--gc-sections -static --specs=nano.specs -mfpu=fpv4-sp-d16 -mfloat-abi=hard -mthumb -Wl,--start-group -lc -lm -Wl,--end-group
Finished building target: cubemx_blink.elf
 
arm-none-eabi-size  cubemx_blink.elf 
arm-none-eabi-objdump -h -S cubemx_blink.elf  > "cubemx_blink.list"
   text	   data	    bss	    dec	    hex	filename
   1216	      4	   1580	   2800	    af0	cubemx_blink.elf
Finished building: default.size.stdout
 
Finished building: cubemx_blink.list
 
18:28:29 **** Incremental Build of configuration Debug for project cubemx_blink ****
make -j16 all 
arm-none-eabi-gcc "../Core/Src/main.c" -mcpu=cortex-m4 -std=gnu11 -g3 -DDEBUG -DUSE_NUCLEO_64 -DUSE_HAL_DRIVER -DSTM32G491xx -c -I../Core/Inc -I../Drivers/STM32G4xx_HAL_Driver/Inc -I../Drivers/STM32G4xx_HAL_Driver/Inc/Legacy -I../Drivers/BSP/STM32G4xx_Nucleo -I../Drivers/CMSIS/Device/ST/STM32G4xx/Include -I../Drivers/CMSIS/Include -O0 -ffunction-sections -fdata-sections -Wall -fstack-usage -fcyclomatic-complexity -MMD -MP -MF"Core/Src/main.d" -MT"Core/Src/main.o" --specs=nano.specs -mfpu=fpv4-sp-d16 -mfloat-abi=hard -mthumb -o "Core/Src/main.o"
In file included from ../Drivers/CMSIS/Device/ST/STM32G4xx/Include/stm32g4xx.h:125,
                 from ../Drivers/STM32G4xx_HAL_Driver/Inc/stm32g4xx_hal_def.h:29,
                 from ../Drivers/STM32G4xx_HAL_Driver/Inc/stm32g4xx_hal_rcc.h:27,
                 from ../Core/Inc/stm32g4xx_hal_conf.h:212,
                 from ../Drivers/STM32G4xx_HAL_Driver/Inc/stm32g4xx_hal.h:29,
                 from ../Core/Inc/main.h:30,
                 from ../Core/Src/main.c:31:
../Drivers/CMSIS/Device/ST/STM32G4xx/Include/stm32g491xx.h:1059:9: warning: "RCC_BASE" redefined
 1059 | #define RCC_BASE              (AHB1PERIPH_BASE + 0x1000UL)
      |         ^~~~~~~~
../Core/Src/main.c:25:9: note: this is the location of the previous definition
   25 | #define RCC_BASE (0x40021000U)
      |         ^~~~~~~~
../Core/Src/main.c: In function 'main':
../Core/Src/main.c:126:36: warning: left shift count >= width of type [-Wshift-count-overflow]
  126 |                 *GPIOA5_ODR |= (1U << (32));
      |                                    ^~
arm-none-eabi-gcc -o "cubemx_blink.elf" @"objects.list"   -mcpu=cortex-m4 -T"C:\Users\Peter\Desktop\stm32_workspace\cubemx_blink\STM32G491RETX_FLASH.ld" --specs=nosys.specs -Wl,-Map="cubemx_blink.map" -Wl,--gc-sections -static --specs=nano.specs -mfpu=fpv4-sp-d16 -mfloat-abi=hard -mthumb -Wl,--start-group -lc -lm -Wl,--end-group
Finished building target: cubemx_blink.elf
 
arm-none-eabi-size  cubemx_blink.elf 
arm-none-eabi-objdump -h -S cubemx_blink.elf  > "cubemx_blink.list"
   text	   data	    bss	    dec	    hex	filename
   1212	      4	   1580	   2796	    aec	cubemx_blink.elf
Finished building: default.size.stdout
 
Finished building: cubemx_blink.list
 
18:28:43 **** Incremental Build of configuration Debug for project cubemx_blink ****
make -j16 all 
arm-none-eabi-size  cubemx_blink.elf 
   text	   data	    bss	    dec	    hex	filename
   1212	      4	   1580	   2796	    aec	cubemx_blink.elf
Finished building: default.size.stdout
 
18:37:41 **** Incremental Build of configuration Debug for project cubemx_blink ****
make -j16 all 
arm-none-eabi-gcc "../Core/Src/main.c" -mcpu=cortex-m4 -std=gnu11 -g3 -DDEBUG -DUSE_NUCLEO_64 -DUSE_HAL_DRIVER -DSTM32G491xx -c -I../Core/Inc -I../Drivers/STM32G4xx_HAL_Driver/Inc -I../Drivers/STM32G4xx_HAL_Driver/Inc/Legacy -I../Drivers/BSP/STM32G4xx_Nucleo -I../Drivers/CMSIS/Device/ST/STM32G4xx/Include -I../Drivers/CMSIS/Include -O0 -ffunction-sections -fdata-sections -Wall -fstack-usage -fcyclomatic-complexity -MMD -MP -MF"Core/Src/main.d" -MT"Core/Src/main.o" --specs=nano.specs -mfpu=fpv4-sp-d16 -mfloat-abi=hard -mthumb -o "Core/Src/main.o"
In file included from ../Drivers/CMSIS/Device/ST/STM32G4xx/Include/stm32g4xx.h:125,
                 from ../Drivers/STM32G4xx_HAL_Driver/Inc/stm32g4xx_hal_def.h:29,
                 from ../Drivers/STM32G4xx_HAL_Driver/Inc/stm32g4xx_hal_rcc.h:27,
                 from ../Core/Inc/stm32g4xx_hal_conf.h:212,
                 from ../Drivers/STM32G4xx_HAL_Driver/Inc/stm32g4xx_hal.h:29,
                 from ../Core/Inc/main.h:30,
                 from ../Core/Src/main.c:31:
../Drivers/CMSIS/Device/ST/STM32G4xx/Include/stm32g491xx.h:1059:9: warning: "RCC_BASE" redefined
 1059 | #define RCC_BASE              (AHB1PERIPH_BASE + 0x1000UL)
      |         ^~~~~~~~
../Core/Src/main.c:25:9: note: this is the location of the previous definition
   25 | #define RCC_BASE (0x40021000U)
      |         ^~~~~~~~
../Core/Src/main.c: In function 'main':
../Core/Src/main.c:125:17: error: implicit declaration of function 'HAL_delay'; did you mean 'HAL_Delay'? [-Wimplicit-function-declaration]
  125 |                 HAL_delay(1000);
      |                 ^~~~~~~~~
      |                 HAL_Delay
../Core/Src/main.c:126:36: warning: left shift count >= width of type [-Wshift-count-overflow]
  126 |                 *GPIOA5_ODR |= (1U << (32));
      |                                    ^~
../Core/Src/main.c: At top level:
../Core/Src/main.c:83:14: warning: 'delay' defined but not used [-Wunused-function]
   83 |         void delay(volatile uint32_t count)
      |              ^~~~~
make: *** [Core/Src/subdir.mk:34: Core/Src/main.o] Error 1
"make -j16 all" terminated with exit code 2. Build might be incomplete.
18:40:26 **** Incremental Build of configuration Debug for project cubemx_blink ****
make -j16 all 
arm-none-eabi-gcc "../Core/Src/main.c" -mcpu=cortex-m4 -std=gnu11 -g3 -DDEBUG -DUSE_NUCLEO_64 -DUSE_HAL_DRIVER -DSTM32G491xx -c -I../Core/Inc -I../Drivers/STM32G4xx_HAL_Driver/Inc -I../Drivers/STM32G4xx_HAL_Driver/Inc/Legacy -I../Drivers/BSP/STM32G4xx_Nucleo -I../Drivers/CMSIS/Device/ST/STM32G4xx/Include -I../Drivers/CMSIS/Include -O0 -ffunction-sections -fdata-sections -Wall -fstack-usage -fcyclomatic-complexity -MMD -MP -MF"Core/Src/main.d" -MT"Core/Src/main.o" --specs=nano.specs -mfpu=fpv4-sp-d16 -mfloat-abi=hard -mthumb -o "Core/Src/main.o"
In file included from ../Drivers/CMSIS/Device/ST/STM32G4xx/Include/stm32g4xx.h:125,
                 from ../Drivers/STM32G4xx_HAL_Driver/Inc/stm32g4xx_hal_def.h:29,
                 from ../Drivers/STM32G4xx_HAL_Driver/Inc/stm32g4xx_hal_rcc.h:27,
                 from ../Core/Inc/stm32g4xx_hal_conf.h:212,
                 from ../Drivers/STM32G4xx_HAL_Driver/Inc/stm32g4xx_hal.h:29,
                 from ../Core/Inc/main.h:30,
                 from ../Core/Src/main.c:31:
../Drivers/CMSIS/Device/ST/STM32G4xx/Include/stm32g491xx.h:1059:9: warning: "RCC_BASE" redefined
 1059 | #define RCC_BASE              (AHB1PERIPH_BASE + 0x1000UL)
      |         ^~~~~~~~
../Core/Src/main.c:25:9: note: this is the location of the previous definition
   25 | #define RCC_BASE (0x40021000U)
      |         ^~~~~~~~
../Core/Src/main.c: In function 'main':
../Core/Src/main.c:89:3: warning: "/*" within comment [-Wcomment]
   89 |   /* MCU Configuration--------------------------------------------------------*/
../Core/Src/main.c:124:17: error: implicit declaration of function 'HAL_delay'; did you mean 'HAL_Delay'? [-Wimplicit-function-declaration]
  124 |                 HAL_delay(1000);
      |                 ^~~~~~~~~
      |                 HAL_Delay
make: *** [Core/Src/subdir.mk:34: Core/Src/main.o] Error 1
"make -j16 all" terminated with exit code 2. Build might be incomplete.
18:40:45 **** Incremental Build of configuration Debug for project cubemx_blink ****
make -j16 all 
arm-none-eabi-gcc "../Core/Src/main.c" -mcpu=cortex-m4 -std=gnu11 -g3 -DDEBUG -DUSE_NUCLEO_64 -DUSE_HAL_DRIVER -DSTM32G491xx -c -I../Core/Inc -I../Drivers/STM32G4xx_HAL_Driver/Inc -I../Drivers/STM32G4xx_HAL_Driver/Inc/Legacy -I../Drivers/BSP/STM32G4xx_Nucleo -I../Drivers/CMSIS/Device/ST/STM32G4xx/Include -I../Drivers/CMSIS/Include -O0 -ffunction-sections -fdata-sections -Wall -fstack-usage -fcyclomatic-complexity -MMD -MP -MF"Core/Src/main.d" -MT"Core/Src/main.o" --specs=nano.specs -mfpu=fpv4-sp-d16 -mfloat-abi=hard -mthumb -o "Core/Src/main.o"
In file included from ../Drivers/CMSIS/Device/ST/STM32G4xx/Include/stm32g4xx.h:125,
                 from ../Drivers/STM32G4xx_HAL_Driver/Inc/stm32g4xx_hal_def.h:29,
                 from ../Drivers/STM32G4xx_HAL_Driver/Inc/stm32g4xx_hal_rcc.h:27,
                 from ../Core/Inc/stm32g4xx_hal_conf.h:212,
                 from ../Drivers/STM32G4xx_HAL_Driver/Inc/stm32g4xx_hal.h:29,
                 from ../Core/Inc/main.h:30,
                 from ../Core/Src/main.c:31:
../Drivers/CMSIS/Device/ST/STM32G4xx/Include/stm32g491xx.h:1059:9: warning: "RCC_BASE" redefined
 1059 | #define RCC_BASE              (AHB1PERIPH_BASE + 0x1000UL)
      |         ^~~~~~~~
../Core/Src/main.c:25:9: note: this is the location of the previous definition
   25 | #define RCC_BASE (0x40021000U)
      |         ^~~~~~~~
../Core/Src/main.c: In function 'main':
../Core/Src/main.c:89:3: warning: "/*" within comment [-Wcomment]
   89 |   /* MCU Configuration--------------------------------------------------------*/
arm-none-eabi-gcc -o "cubemx_blink.elf" @"objects.list"   -mcpu=cortex-m4 -T"C:\Users\Peter\Desktop\stm32_workspace\cubemx_blink\STM32G491RETX_FLASH.ld" --specs=nosys.specs -Wl,-Map="cubemx_blink.map" -Wl,--gc-sections -static --specs=nano.specs -mfpu=fpv4-sp-d16 -mfloat-abi=hard -mthumb -Wl,--start-group -lc -lm -Wl,--end-group
Finished building target: cubemx_blink.elf
 
arm-none-eabi-size  cubemx_blink.elf 
arm-none-eabi-objdump -h -S cubemx_blink.elf  > "cubemx_blink.list"
   text	   data	    bss	    dec	    hex	filename
   1980	     12	   1580	   3572	    df4	cubemx_blink.elf
Finished building: default.size.stdout
 
Finished building: cubemx_blink.list
 
18:40:49 **** Incremental Build of configuration Debug for project cubemx_blink ****
make -j16 all 
arm-none-eabi-size  cubemx_blink.elf 
   text	   data	    bss	    dec	    hex	filename
   1980	     12	   1580	   3572	    df4	cubemx_blink.elf
Finished building: default.size.stdout
 
